Archive member included to satisfy reference by file (symbol)

c:/st/stm32cubeide_1.7.0/stm32cubeide/plugins/com.st.stm32cube.ide.mcu.externaltools.gnu-tools-for-stm32.9-2020-q2-update.win32_2.0.0.202105311346/tools/bin/../lib/gcc/arm-none-eabi/9.3.1/../../../../arm-none-eabi/lib/thumb/v7e-m+fp/hard\libc_nano.a(lib_a-errno.o)
                              ./Core/Src/syscalls.o (__errno)
c:/st/stm32cubeide_1.7.0/stm32cubeide/plugins/com.st.stm32cube.ide.mcu.externaltools.gnu-tools-for-stm32.9-2020-q2-update.win32_2.0.0.202105311346/tools/bin/../lib/gcc/arm-none-eabi/9.3.1/../../../../arm-none-eabi/lib/thumb/v7e-m+fp/hard\libc_nano.a(lib_a-exit.o)
                              c:/st/stm32cubeide_1.7.0/stm32cubeide/plugins/com.st.stm32cube.ide.mcu.externaltools.gnu-tools-for-stm32.9-2020-q2-update.win32_2.0.0.202105311346/tools/bin/../lib/gcc/arm-none-eabi/9.3.1/../../../../arm-none-eabi/lib/thumb/v7e-m+fp/hard/crt0.o (exit)
c:/st/stm32cubeide_1.7.0/stm32cubeide/plugins/com.st.stm32cube.ide.mcu.externaltools.gnu-tools-for-stm32.9-2020-q2-update.win32_2.0.0.202105311346/tools/bin/../lib/gcc/arm-none-eabi/9.3.1/../../../../arm-none-eabi/lib/thumb/v7e-m+fp/hard\libc_nano.a(lib_a-impure.o)
                              c:/st/stm32cubeide_1.7.0/stm32cubeide/plugins/com.st.stm32cube.ide.mcu.externaltools.gnu-tools-for-stm32.9-2020-q2-update.win32_2.0.0.202105311346/tools/bin/../lib/gcc/arm-none-eabi/9.3.1/../../../../arm-none-eabi/lib/thumb/v7e-m+fp/hard\libc_nano.a(lib_a-exit.o) (_global_impure_ptr)
c:/st/stm32cubeide_1.7.0/stm32cubeide/plugins/com.st.stm32cube.ide.mcu.externaltools.gnu-tools-for-stm32.9-2020-q2-update.win32_2.0.0.202105311346/tools/bin/../lib/gcc/arm-none-eabi/9.3.1/../../../../arm-none-eabi/lib/thumb/v7e-m+fp/hard\libc_nano.a(lib_a-init.o)
                              c:/st/stm32cubeide_1.7.0/stm32cubeide/plugins/com.st.stm32cube.ide.mcu.externaltools.gnu-tools-for-stm32.9-2020-q2-update.win32_2.0.0.202105311346/tools/bin/../lib/gcc/arm-none-eabi/9.3.1/../../../../arm-none-eabi/lib/thumb/v7e-m+fp/hard/crt0.o (__libc_init_array)
c:/st/stm32cubeide_1.7.0/stm32cubeide/plugins/com.st.stm32cube.ide.mcu.externaltools.gnu-tools-for-stm32.9-2020-q2-update.win32_2.0.0.202105311346/tools/bin/../lib/gcc/arm-none-eabi/9.3.1/../../../../arm-none-eabi/lib/thumb/v7e-m+fp/hard\libc_nano.a(lib_a-memset.o)
                              c:/st/stm32cubeide_1.7.0/stm32cubeide/plugins/com.st.stm32cube.ide.mcu.externaltools.gnu-tools-for-stm32.9-2020-q2-update.win32_2.0.0.202105311346/tools/bin/../lib/gcc/arm-none-eabi/9.3.1/../../../../arm-none-eabi/lib/thumb/v7e-m+fp/hard/crt0.o (memset)
c:/st/stm32cubeide_1.7.0/stm32cubeide/plugins/com.st.stm32cube.ide.mcu.externaltools.gnu-tools-for-stm32.9-2020-q2-update.win32_2.0.0.202105311346/tools/bin/../lib/gcc/arm-none-eabi/9.3.1/../../../../arm-none-eabi/lib/thumb/v7e-m+fp/hard\libc_nano.a(lib_a-strcmp.o)
                              ./Core/Src/main.o (strcmp)
c:/st/stm32cubeide_1.7.0/stm32cubeide/plugins/com.st.stm32cube.ide.mcu.externaltools.gnu-tools-for-stm32.9-2020-q2-update.win32_2.0.0.202105311346/tools/bin/../lib/gcc/arm-none-eabi/9.3.1/../../../../arm-none-eabi/lib/thumb/v7e-m+fp/hard\libc_nano.a(lib_a-strncmp.o)
                              ./Core/Src/main.o (strncmp)

Allocating common symbols
Common symbol       size              file

msg                 0x23              ./Core/Src/main.o
bufferUSART2dma     0x100             ./Core/Src/usart.o

Discarded input sections

 .text          0x0000000000000000        0x0 c:/st/stm32cubeide_1.7.0/stm32cubeide/plugins/com.st.stm32cube.ide.mcu.externaltools.gnu-tools-for-stm32.9-2020-q2-update.win32_2.0.0.202105311346/tools/bin/../lib/gcc/arm-none-eabi/9.3.1/thumb/v7e-m+fp/hard/crti.o
 .data          0x0000000000000000        0x0 c:/st/stm32cubeide_1.7.0/stm32cubeide/plugins/com.st.stm32cube.ide.mcu.externaltools.gnu-tools-for-stm32.9-2020-q2-update.win32_2.0.0.202105311346/tools/bin/../lib/gcc/arm-none-eabi/9.3.1/thumb/v7e-m+fp/hard/crti.o
 .bss           0x0000000000000000        0x0 c:/st/stm32cubeide_1.7.0/stm32cubeide/plugins/com.st.stm32cube.ide.mcu.externaltools.gnu-tools-for-stm32.9-2020-q2-update.win32_2.0.0.202105311346/tools/bin/../lib/gcc/arm-none-eabi/9.3.1/thumb/v7e-m+fp/hard/crti.o
 .data          0x0000000000000000        0x4 c:/st/stm32cubeide_1.7.0/stm32cubeide/plugins/com.st.stm32cube.ide.mcu.externaltools.gnu-tools-for-stm32.9-2020-q2-update.win32_2.0.0.202105311346/tools/bin/../lib/gcc/arm-none-eabi/9.3.1/thumb/v7e-m+fp/hard/crtbegin.o
 .text          0x0000000000000000       0x7c c:/st/stm32cubeide_1.7.0/stm32cubeide/plugins/com.st.stm32cube.ide.mcu.externaltools.gnu-tools-for-stm32.9-2020-q2-update.win32_2.0.0.202105311346/tools/bin/../lib/gcc/arm-none-eabi/9.3.1/../../../../arm-none-eabi/lib/thumb/v7e-m+fp/hard/crt0.o
[...]
Memory Configuration

Name             Origin             Length             Attributes
CCMRAM           0x0000000010000000 0x0000000000001000 xrw
RAM              0x0000000020000000 0x0000000000003000 xrw
FLASH            0x0000000008000000 0x0000000000010000 xr
*default*        0x0000000000000000 0xffffffffffffffff

Linker script and memory map

LOAD c:/st/stm32cubeide_1.7.0/stm32cubeide/plugins/com.st.stm32cube.ide.mcu.externaltools.gnu-tools-for-stm32.9-2020-q2-update.win32_2.0.0.202105311346/tools/bin/../lib/gcc/arm-none-eabi/9.3.1/thumb/v7e-m+fp/hard/crti.o
LOAD c:/st/stm32cubeide_1.7.0/stm32cubeide/plugins/com.st.stm32cube.ide.mcu.externaltools.gnu-tools-for-stm32.9-2020-q2-update.win32_2.0.0.202105311346/tools/bin/../lib/gcc/arm-none-eabi/9.3.1/thumb/v7e-m+fp/hard/crtbegin.o
LOAD c:/st/stm32cubeide_1.7.0/stm32cubeide/plugins/com.st.stm32cube.ide.mcu.externaltools.gnu-tools-for-stm32.9-2020-q2-update.win32_2.0.0.202105311346/tools/bin/../lib/gcc/arm-none-eabi/9.3.1/../../../../arm-none-eabi/lib/thumb/v7e-m+fp/hard/crt0.o
LOAD ./Core/Src/dma.o
LOAD ./Core/Src/gpio.o
LOAD ./Core/Src/main.o
LOAD ./Core/Src/stm32f3xx_it.o
LOAD ./Core/Src/syscalls.o
LOAD ./Core/Src/sysmem.o
LOAD ./Core/Src/system_stm32f3xx.o
LOAD ./Core/Src/tim.o
LOAD ./Core/Src/usart.o
LOAD ./Core/Startup/startup_stm32f303k8tx.o
LOAD ./Drivers/STM32F3xx_HAL_Driver/Src/stm32f3xx_ll_dma.o
LOAD ./Drivers/STM32F3xx_HAL_Driver/Src/stm32f3xx_ll_exti.o
LOAD ./Drivers/STM32F3xx_HAL_Driver/Src/stm32f3xx_ll_gpio.o
LOAD ./Drivers/STM32F3xx_HAL_Driver/Src/stm32f3xx_ll_rcc.o
LOAD ./Drivers/STM32F3xx_HAL_Driver/Src/stm32f3xx_ll_tim.o
LOAD ./Drivers/STM32F3xx_HAL_Driver/Src/stm32f3xx_ll_usart.o
LOAD ./Drivers/STM32F3xx_HAL_Driver/Src/stm32f3xx_ll_utils.o
START GROUP
LOAD c:/st/stm32cubeide_1.7.0/stm32cubeide/plugins/com.st.stm32cube.ide.mcu.externaltools.gnu-tools-for-stm32.9-2020-q2-update.win32_2.0.0.202105311346/tools/bin/../lib/gcc/arm-none-eabi/9.3.1/../../../../arm-none-eabi/lib/thumb/v7e-m+fp/hard\libc_nano.a
LOAD c:/st/stm32cubeide_1.7.0/stm32cubeide/plugins/com.st.stm32cube.ide.mcu.externaltools.gnu-tools-for-stm32.9-2020-q2-update.win32_2.0.0.202105311346/tools/bin/../lib/gcc/arm-none-eabi/9.3.1/../../../../arm-none-eabi/lib/thumb/v7e-m+fp/hard\libm.a
END GROUP
START GROUP
LOAD c:/st/stm32cubeide_1.7.0/stm32cubeide/plugins/com.st.stm32cube.ide.mcu.externaltools.gnu-tools-for-stm32.9-2020-q2-update.win32_2.0.0.202105311346/tools/bin/../lib/gcc/arm-none-eabi/9.3.1/thumb/v7e-m+fp/hard\libgcc.a
LOAD c:/st/stm32cubeide_1.7.0/stm32cubeide/plugins/com.st.stm32cube.ide.mcu.externaltools.gnu-tools-for-stm32.9-2020-q2-update.win32_2.0.0.202105311346/tools/bin/../lib/gcc/arm-none-eabi/9.3.1/../../../../arm-none-eabi/lib/thumb/v7e-m+fp/hard\libc_nano.a
END GROUP
START GROUP
LOAD c:/st/stm32cubeide_1.7.0/stm32cubeide/plugins/com.st.stm32cube.ide.mcu.externaltools.gnu-tools-for-stm32.9-2020-q2-update.win32_2.0.0.202105311346/tools/bin/../lib/gcc/arm-none-eabi/9.3.1/thumb/v7e-m+fp/hard\libgcc.a
LOAD c:/st/stm32cubeide_1.7.0/stm32cubeide/plugins/com.st.stm32cube.ide.mcu.externaltools.gnu-tools-for-stm32.9-2020-q2-update.win32_2.0.0.202105311346/tools/bin/../lib/gcc/arm-none-eabi/9.3.1/../../../../arm-none-eabi/lib/thumb/v7e-m+fp/hard\libc_nano.a
LOAD c:/st/stm32cubeide_1.7.0/stm32cubeide/plugins/com.st.stm32cube.ide.mcu.externaltools.gnu-tools-for-stm32.9-2020-q2-update.win32_2.0.0.202105311346/tools/bin/../lib/gcc/arm-none-eabi/9.3.1/../../../../arm-none-eabi/lib/thumb/v7e-m+fp/hard\libnosys.a
END GROUP
START GROUP
LOAD c:/st/stm32cubeide_1.7.0/stm32cubeide/plugins/com.st.stm32cube.ide.mcu.externaltools.gnu-tools-for-stm32.9-2020-q2-update.win32_2.0.0.202105311346/tools/bin/../lib/gcc/arm-none-eabi/9.3.1/thumb/v7e-m+fp/hard\libgcc.a
LOAD c:/st/stm32cubeide_1.7.0/stm32cubeide/plugins/com.st.stm32cube.ide.mcu.externaltools.gnu-tools-for-stm32.9-2020-q2-update.win32_2.0.0.202105311346/tools/bin/../lib/gcc/arm-none-eabi/9.3.1/../../../../arm-none-eabi/lib/thumb/v7e-m+fp/hard\libc_nano.a
LOAD c:/st/stm32cubeide_1.7.0/stm32cubeide/plugins/com.st.stm32cube.ide.mcu.externaltools.gnu-tools-for-stm32.9-2020-q2-update.win32_2.0.0.202105311346/tools/bin/../lib/gcc/arm-none-eabi/9.3.1/../../../../arm-none-eabi/lib/thumb/v7e-m+fp/hard\libnosys.a
END GROUP
LOAD c:/st/stm32cubeide_1.7.0/stm32cubeide/plugins/com.st.stm32cube.ide.mcu.externaltools.gnu-tools-for-stm32.9-2020-q2-update.win32_2.0.0.202105311346/tools/bin/../lib/gcc/arm-none-eabi/9.3.1/thumb/v7e-m+fp/hard/crtend.o
LOAD c:/st/stm32cubeide_1.7.0/stm32cubeide/plugins/com.st.stm32cube.ide.mcu.externaltools.gnu-tools-for-stm32.9-2020-q2-update.win32_2.0.0.202105311346/tools/bin/../lib/gcc/arm-none-eabi/9.3.1/thumb/v7e-m+fp/hard/crtn.o
                0x0000000020003000                _estack = (ORIGIN (RAM) + LENGTH (RAM))
                0x0000000000000200                _Min_Heap_Size = 0x200
                0x0000000000000400                _Min_Stack_Size = 0x400

.isr_vector     0x0000000008000000      0x188
                0x0000000008000000                . = ALIGN (0x4)
 *(.isr_vector)
 .isr_vector    0x0000000008000000      0x188 ./Core/Startup/startup_stm32f303k8tx.o
                0x0000000008000000                g_pfnVectors
                0x0000000008000188                . = ALIGN (0x4)

.text           0x0000000008000188     0x26f0
                0x0000000008000188                . = ALIGN (0x4)
 *(.text)
 .text          0x0000000008000188       0x40 c:/st/stm32cubeide_1.7.0/stm32cubeide/plugins/com.st.stm32cube.ide.mcu.externaltools.gnu-tools-for-stm32.9-2020-q2-update.win32_2.0.0.202105311346/tools/bin/../lib/gcc/arm-none-eabi/9.3.1/thumb/v7e-m+fp/hard/crtbegin.o
 *(.text*)
 .text.__NVIC_GetPriorityGrouping
                0x00000000080001c8       0x1c ./Core/Src/dma.o
 .text.__NVIC_EnableIRQ
                0x00000000080001e4       0x3c ./Core/Src/dma.o
 .text.__NVIC_SetPriority
                0x0000000008000220       0x54 ./Core/Src/dma.o
 .text.NVIC_EncodePriority
                0x0000000008000274       0x66 ./Core/Src/dma.o
 *fill*         0x00000000080002da        0x2 
 .text.LL_AHB1_GRP1_EnableClock
                0x00000000080002dc       0x30 ./Core/Src/dma.o
 .text.MX_DMA_Init
                0x000000000800030c       0x4e ./Core/Src/dma.o
                0x000000000800030c                MX_DMA_Init
 *fill*         0x000000000800035a        0x2 
 .text.LL_AHB1_GRP1_EnableClock
                0x000000000800035c       0x30 ./Core/Src/gpio.o
 .text.MX_GPIO_Init
                0x000000000800038c       0x10 ./Core/Src/gpio.o
                0x000000000800038c                MX_GPIO_Init
 .text.__NVIC_SetPriorityGrouping
                0x000000000800039c       0x48 ./Core/Src/main.o
 .text.__NVIC_GetPriorityGrouping
                0x00000000080003e4       0x1c ./Core/Src/main.o
 .text.__NVIC_SetPriority
                0x0000000008000400       0x54 ./Core/Src/main.o
 .text.NVIC_EncodePriority
                0x0000000008000454       0x66 ./Core/Src/main.o
 *fill*         0x00000000080004ba        0x2 
 .text.LL_RCC_HSI_Enable
                0x00000000080004bc       0x20 ./Core/Src/main.o
 .text.LL_RCC_HSI_IsReady
                0x00000000080004dc       0x24 ./Core/Src/main.o
 .text.LL_RCC_HSI_SetCalibTrimming
                0x0000000008000500       0x2c ./Core/Src/main.o
 .text.LL_RCC_SetSysClkSource
                0x000000000800052c       0x28 ./Core/Src/main.o
 .text.LL_RCC_GetSysClkSource
                0x0000000008000554       0x1c ./Core/Src/main.o
 .text.LL_RCC_SetAHBPrescaler
                0x0000000008000570       0x28 ./Core/Src/main.o
 .text.LL_RCC_SetAPB1Prescaler
                0x0000000008000598       0x28 ./Core/Src/main.o
 .text.LL_RCC_SetAPB2Prescaler
                0x00000000080005c0       0x28 ./Core/Src/main.o
 .text.LL_APB1_GRP1_EnableClock
                0x00000000080005e8       0x30 ./Core/Src/main.o
 .text.LL_APB2_GRP1_EnableClock
                0x0000000008000618       0x30 ./Core/Src/main.o
 .text.LL_FLASH_SetLatency
                0x0000000008000648       0x28 ./Core/Src/main.o
 .text.LL_FLASH_GetLatency
                0x0000000008000670       0x1c ./Core/Src/main.o
 .text.LL_TIM_EnableCounter
                0x000000000800068c       0x20 ./Core/Src/main.o
 .text.LL_TIM_ClearFlag_CC2
                0x00000000080006ac       0x1c ./Core/Src/main.o
 .text.LL_TIM_IsActiveFlag_CC2
                0x00000000080006c8       0x26 ./Core/Src/main.o
 .text.LL_TIM_EnableIT_CC2
                0x00000000080006ee       0x20 ./Core/Src/main.o
 .text.main     0x000000000800070e       0x60 ./Core/Src/main.o
                0x000000000800070e                main
 *fill*         0x000000000800076e        0x2 
 .text.SystemClock_Config
                0x0000000008000770       0x64 ./Core/Src/main.o
                0x0000000008000770                SystemClock_Config
 .text.setDutyCycle
                0x00000000080007d4       0x34 ./Core/Src/main.o
                0x00000000080007d4                setDutyCycle
 .text.TIM2_IRQHandler
                0x0000000008000808       0x60 ./Core/Src/main.o
                0x0000000008000808                TIM2_IRQHandler
 .text.LL_DMA_DisableChannel
                0x0000000008000868       0x40 ./Core/Src/stm32f3xx_it.o
 .text.LL_DMA_IsActiveFlag_TC6
                0x00000000080008a8       0x28 ./Core/Src/stm32f3xx_it.o
 .text.LL_DMA_IsActiveFlag_TC7
                0x00000000080008d0       0x28 ./Core/Src/stm32f3xx_it.o
 .text.LL_DMA_IsActiveFlag_HT6
                0x00000000080008f8       0x28 ./Core/Src/stm32f3xx_it.o
 .text.LL_DMA_ClearFlag_TC6
                0x0000000008000920       0x1c ./Core/Src/stm32f3xx_it.o
 .text.LL_DMA_ClearFlag_TC7
                0x000000000800093c       0x1c ./Core/Src/stm32f3xx_it.o
 .text.LL_DMA_ClearFlag_HT6
                0x0000000008000958       0x1c ./Core/Src/stm32f3xx_it.o
 .text.LL_USART_IsActiveFlag_IDLE
                0x0000000008000974       0x26 ./Core/Src/stm32f3xx_it.o
 .text.LL_USART_IsActiveFlag_TC
                0x000000000800099a       0x26 ./Core/Src/stm32f3xx_it.o
 .text.LL_USART_ClearFlag_IDLE
                0x00000000080009c0       0x1a ./Core/Src/stm32f3xx_it.o
 .text.NMI_Handler
                0x00000000080009da        0x6 ./Core/Src/stm32f3xx_it.o
                0x00000000080009da                NMI_Handler
 .text.HardFault_Handler
                0x00000000080009e0        0x6 ./Core/Src/stm32f3xx_it.o
                0x00000000080009e0                HardFault_Handler
 .text.MemManage_Handler
                0x00000000080009e6        0x6 ./Core/Src/stm32f3xx_it.o
                0x00000000080009e6                MemManage_Handler
 .text.BusFault_Handler
                0x00000000080009ec        0x6 ./Core/Src/stm32f3xx_it.o
                0x00000000080009ec                BusFault_Handler
 .text.UsageFault_Handler
                0x00000000080009f2        0x6 ./Core/Src/stm32f3xx_it.o
                0x00000000080009f2                UsageFault_Handler
 .text.SVC_Handler
                0x00000000080009f8        0xe ./Core/Src/stm32f3xx_it.o
                0x00000000080009f8                SVC_Handler
 .text.DebugMon_Handler
                0x0000000008000a06        0xe ./Core/Src/stm32f3xx_it.o
                0x0000000008000a06                DebugMon_Handler
 .text.PendSV_Handler
                0x0000000008000a14        0xe ./Core/Src/stm32f3xx_it.o
                0x0000000008000a14                PendSV_Handler
 .text.SysTick_Handler
                0x0000000008000a22        0xe ./Core/Src/stm32f3xx_it.o
                0x0000000008000a22                SysTick_Handler
 .text.DMA1_Channel6_IRQHandler
                0x0000000008000a30       0x3c ./Core/Src/stm32f3xx_it.o
                0x0000000008000a30                DMA1_Channel6_IRQHandler
 .text.DMA1_Channel7_IRQHandler
                0x0000000008000a6c       0x38 ./Core/Src/stm32f3xx_it.o
                0x0000000008000a6c                DMA1_Channel7_IRQHandler
 .text.USART2_IRQHandler
                0x0000000008000aa4       0x24 ./Core/Src/stm32f3xx_it.o
                0x0000000008000aa4                USART2_IRQHandler
 .text.SystemInit
                0x0000000008000ac8       0x24 ./Core/Src/system_stm32f3xx.o
                0x0000000008000ac8                SystemInit
 .text.__NVIC_GetPriorityGrouping
                0x0000000008000aec       0x1c ./Core/Src/tim.o
 .text.__NVIC_EnableIRQ
                0x0000000008000b08       0x3c ./Core/Src/tim.o
 .text.__NVIC_SetPriority
                0x0000000008000b44       0x54 ./Core/Src/tim.o
 .text.NVIC_EncodePriority
                0x0000000008000b98       0x66 ./Core/Src/tim.o
 *fill*         0x0000000008000bfe        0x2 
 .text.LL_AHB1_GRP1_EnableClock
                0x0000000008000c00       0x30 ./Core/Src/tim.o
 .text.LL_APB1_GRP1_EnableClock
                0x0000000008000c30       0x30 ./Core/Src/tim.o
 .text.LL_TIM_DisableARRPreload
                0x0000000008000c60       0x20 ./Core/Src/tim.o
 .text.LL_TIM_OC_DisableFast
                0x0000000008000c80       0xa4 ./Core/Src/tim.o
 .text.LL_TIM_OC_EnablePreload
                0x0000000008000d24       0xa0 ./Core/Src/tim.o
 .text.LL_TIM_SetClockSource
                0x0000000008000dc4       0x2a ./Core/Src/tim.o
 .text.LL_TIM_SetTriggerOutput
                0x0000000008000dee       0x26 ./Core/Src/tim.o
 .text.LL_TIM_DisableMasterSlaveMode
                0x0000000008000e14       0x20 ./Core/Src/tim.o
 .text.MX_TIM2_Init
                0x0000000008000e34      0x128 ./Core/Src/tim.o
                0x0000000008000e34                MX_TIM2_Init
 .text.__NVIC_GetPriorityGrouping
                0x0000000008000f5c       0x1c ./Core/Src/usart.o
 .text.__NVIC_EnableIRQ
                0x0000000008000f78       0x3c ./Core/Src/usart.o
 .text.__NVIC_SetPriority
                0x0000000008000fb4       0x54 ./Core/Src/usart.o
 .text.NVIC_EncodePriority
                0x0000000008001008       0x66 ./Core/Src/usart.o
 *fill*         0x000000000800106e        0x2 
 .text.LL_DMA_EnableChannel
                0x0000000008001070       0x40 ./Core/Src/usart.o
 .text.LL_DMA_DisableChannel
                0x00000000080010b0       0x40 ./Core/Src/usart.o
 .text.LL_DMA_SetDataTransferDirection
                0x00000000080010f0       0x4c ./Core/Src/usart.o
 .text.LL_DMA_GetDataTransferDirection
                0x000000000800113c       0x30 ./Core/Src/usart.o
 .text.LL_DMA_SetMode
                0x000000000800116c       0x48 ./Core/Src/usart.o
 .text.LL_DMA_SetPeriphIncMode
                0x00000000080011b4       0x48 ./Core/Src/usart.o
 .text.LL_DMA_SetMemoryIncMode
                0x00000000080011fc       0x48 ./Core/Src/usart.o
 .text.LL_DMA_SetPeriphSize
                0x0000000008001244       0x48 ./Core/Src/usart.o
 .text.LL_DMA_SetMemorySize
                0x000000000800128c       0x48 ./Core/Src/usart.o
 .text.LL_DMA_SetChannelPriorityLevel
                0x00000000080012d4       0x48 ./Core/Src/usart.o
 .text.LL_DMA_SetDataLength
                0x000000000800131c       0x48 ./Core/Src/usart.o
 .text.LL_DMA_GetDataLength
                0x0000000008001364       0x2c ./Core/Src/usart.o
 .text.LL_DMA_ConfigAddresses
                0x0000000008001390       0x78 ./Core/Src/usart.o
 .text.LL_DMA_IsActiveFlag_TC6
                0x0000000008001408       0x28 ./Core/Src/usart.o
 .text.LL_AHB1_GRP1_EnableClock
                0x0000000008001430       0x30 ./Core/Src/usart.o
 .text.LL_APB1_GRP1_EnableClock
                0x0000000008001460       0x30 ./Core/Src/usart.o
 .text.LL_USART_Enable
                0x0000000008001490       0x20 ./Core/Src/usart.o
 .text.LL_USART_ConfigAsyncMode
                0x00000000080014b0       0x2c ./Core/Src/usart.o
 .text.LL_USART_DisableIT_CTS
                0x00000000080014dc       0x46 ./Core/Src/usart.o
 .text.LL_USART_DMA_GetRegAddr
                0x0000000008001522       0x2c ./Core/Src/usart.o
 *fill*         0x000000000800154e        0x2 
 .text.MX_USART2_UART_Init
                0x0000000008001550      0x158 ./Core/Src/usart.o
                0x0000000008001550                MX_USART2_UART_Init
 .text.USART2_CheckDmaReception
                0x00000000080016a8       0xb8 ./Core/Src/usart.o
                0x00000000080016a8                USART2_CheckDmaReception
 .text.Reset_Handler
                0x0000000008001760       0x50 ./Core/Startup/startup_stm32f303k8tx.o
                0x0000000008001760                Reset_Handler
 .text.Default_Handler
                0x00000000080017b0        0x2 ./Core/Startup/startup_stm32f303k8tx.o
                0x00000000080017b0                RTC_Alarm_IRQHandler
                0x00000000080017b0                TIM1_CC_IRQHandler
                0x00000000080017b0                PVD_IRQHandler
                0x00000000080017b0                TAMP_STAMP_IRQHandler
                0x00000000080017b0                EXTI3_IRQHandler
                0x00000000080017b0                EXTI0_IRQHandler
                0x00000000080017b0                FPU_IRQHandler
                0x00000000080017b0                CAN_TX_IRQHandler
                0x00000000080017b0                TIM1_UP_TIM16_IRQHandler
                0x00000000080017b0                ADC1_2_IRQHandler
                0x00000000080017b0                SPI1_IRQHandler
                0x00000000080017b0                CAN_SCE_IRQHandler
                0x00000000080017b0                DMA1_Channel4_IRQHandler
                0x00000000080017b0                USART3_IRQHandler
                0x00000000080017b0                TIM7_DAC2_IRQHandler
                0x00000000080017b0                CAN_RX1_IRQHandler
                0x00000000080017b0                I2C1_EV_IRQHandler
                0x00000000080017b0                TIM3_IRQHandler
                0x00000000080017b0                RCC_IRQHandler
                0x00000000080017b0                DMA1_Channel1_IRQHandler
                0x00000000080017b0                Default_Handler
                0x00000000080017b0                EXTI15_10_IRQHandler
                0x00000000080017b0                COMP2_IRQHandler
                0x00000000080017b0                TIM6_DAC1_IRQHandler
                0x00000000080017b0                EXTI9_5_IRQHandler
                0x00000000080017b0                RTC_WKUP_IRQHandler
                0x00000000080017b0                DMA1_Channel5_IRQHandler
                0x00000000080017b0                EXTI4_IRQHandler
                0x00000000080017b0                TIM1_TRG_COM_TIM17_IRQHandler
                0x00000000080017b0                DMA1_Channel3_IRQHandler
                0x00000000080017b0                WWDG_IRQHandler
                0x00000000080017b0                EXTI1_IRQHandler
                0x00000000080017b0                COMP4_6_IRQHandler
                0x00000000080017b0                DMA1_Channel2_IRQHandler
                0x00000000080017b0                FLASH_IRQHandler
                0x00000000080017b0                USART1_IRQHandler
                0x00000000080017b0                CAN_RX0_IRQHandler
                0x00000000080017b0                I2C1_ER_IRQHandler
                0x00000000080017b0                EXTI2_TSC_IRQHandler
                0x00000000080017b0                TIM1_BRK_TIM15_IRQHandler
 .text.LL_GPIO_SetPinMode
                0x00000000080017b2       0x5e ./Drivers/STM32F3xx_HAL_Driver/Src/stm32f3xx_ll_gpio.o
 .text.LL_GPIO_SetPinOutputType
                0x0000000008001810       0x30 ./Drivers/STM32F3xx_HAL_Driver/Src/stm32f3xx_ll_gpio.o
 .text.LL_GPIO_SetPinSpeed
                0x0000000008001840       0x5e ./Drivers/STM32F3xx_HAL_Driver/Src/stm32f3xx_ll_gpio.o
 .text.LL_GPIO_SetPinPull
                0x000000000800189e       0x5e ./Drivers/STM32F3xx_HAL_Driver/Src/stm32f3xx_ll_gpio.o
 .text.LL_GPIO_SetAFPin_0_7
                0x00000000080018fc       0x5e ./Drivers/STM32F3xx_HAL_Driver/Src/stm32f3xx_ll_gpio.o
 .text.LL_GPIO_SetAFPin_8_15
                0x000000000800195a       0x62 ./Drivers/STM32F3xx_HAL_Driver/Src/stm32f3xx_ll_gpio.o
 .text.LL_GPIO_Init
                0x00000000080019bc       0xe0 ./Drivers/STM32F3xx_HAL_Driver/Src/stm32f3xx_ll_gpio.o
                0x00000000080019bc                LL_GPIO_Init
 .text.LL_RCC_HSI_IsReady
                0x0000000008001a9c       0x24 ./Drivers/STM32F3xx_HAL_Driver/Src/stm32f3xx_ll_rcc.o
 .text.LL_RCC_LSE_IsReady
                0x0000000008001ac0       0x24 ./Drivers/STM32F3xx_HAL_Driver/Src/stm32f3xx_ll_rcc.o
 .text.LL_RCC_GetSysClkSource
                0x0000000008001ae4       0x1c ./Drivers/STM32F3xx_HAL_Driver/Src/stm32f3xx_ll_rcc.o
 .text.LL_RCC_GetAHBPrescaler
                0x0000000008001b00       0x1c ./Drivers/STM32F3xx_HAL_Driver/Src/stm32f3xx_ll_rcc.o
 .text.LL_RCC_GetAPB1Prescaler
                0x0000000008001b1c       0x1c ./Drivers/STM32F3xx_HAL_Driver/Src/stm32f3xx_ll_rcc.o
 .text.LL_RCC_GetAPB2Prescaler
                0x0000000008001b38       0x1c ./Drivers/STM32F3xx_HAL_Driver/Src/stm32f3xx_ll_rcc.o
 .text.LL_RCC_GetUSARTClockSource
                0x0000000008001b54       0x2c ./Drivers/STM32F3xx_HAL_Driver/Src/stm32f3xx_ll_rcc.o
 .text.LL_RCC_PLL_GetMainSource
                0x0000000008001b80       0x1c ./Drivers/STM32F3xx_HAL_Driver/Src/stm32f3xx_ll_rcc.o
 .text.LL_RCC_PLL_GetMultiplicator
                0x0000000008001b9c       0x1c ./Drivers/STM32F3xx_HAL_Driver/Src/stm32f3xx_ll_rcc.o
 .text.LL_RCC_PLL_GetPrediv
                0x0000000008001bb8       0x1c ./Drivers/STM32F3xx_HAL_Driver/Src/stm32f3xx_ll_rcc.o
 .text.LL_RCC_GetSystemClocksFreq
                0x0000000008001bd4       0x4a ./Drivers/STM32F3xx_HAL_Driver/Src/stm32f3xx_ll_rcc.o
                0x0000000008001bd4                LL_RCC_GetSystemClocksFreq
 *fill*         0x0000000008001c1e        0x2 
 .text.LL_RCC_GetUSARTClockFreq
                0x0000000008001c20       0x88 ./Drivers/STM32F3xx_HAL_Driver/Src/stm32f3xx_ll_rcc.o
                0x0000000008001c20                LL_RCC_GetUSARTClockFreq
 .text.RCC_GetSystemClockFreq
                0x0000000008001ca8       0x4c ./Drivers/STM32F3xx_HAL_Driver/Src/stm32f3xx_ll_rcc.o
                0x0000000008001ca8                RCC_GetSystemClockFreq
 .text.RCC_GetHCLKClockFreq
                0x0000000008001cf4       0x2c ./Drivers/STM32F3xx_HAL_Driver/Src/stm32f3xx_ll_rcc.o
                0x0000000008001cf4                RCC_GetHCLKClockFreq
 .text.RCC_GetPCLK1ClockFreq
                0x0000000008001d20       0x28 ./Drivers/STM32F3xx_HAL_Driver/Src/stm32f3xx_ll_rcc.o
                0x0000000008001d20                RCC_GetPCLK1ClockFreq
 .text.RCC_GetPCLK2ClockFreq
                0x0000000008001d48       0x28 ./Drivers/STM32F3xx_HAL_Driver/Src/stm32f3xx_ll_rcc.o
                0x0000000008001d48                RCC_GetPCLK2ClockFreq
 .text.RCC_PLL_GetFreqDomain_SYS
                0x0000000008001d70       0x7c ./Drivers/STM32F3xx_HAL_Driver/Src/stm32f3xx_ll_rcc.o
                0x0000000008001d70                RCC_PLL_GetFreqDomain_SYS
 .text.LL_TIM_SetPrescaler
                0x0000000008001dec       0x1c ./Drivers/STM32F3xx_HAL_Driver/Src/stm32f3xx_ll_tim.o
 .text.LL_TIM_SetAutoReload
                0x0000000008001e08       0x1c ./Drivers/STM32F3xx_HAL_Driver/Src/stm32f3xx_ll_tim.o
 .text.LL_TIM_SetRepetitionCounter
                0x0000000008001e24       0x1c ./Drivers/STM32F3xx_HAL_Driver/Src/stm32f3xx_ll_tim.o
 .text.LL_TIM_OC_SetCompareCH1
                0x0000000008001e40       0x1c ./Drivers/STM32F3xx_HAL_Driver/Src/stm32f3xx_ll_tim.o
 .text.LL_TIM_OC_SetCompareCH2
                0x0000000008001e5c       0x1c ./Drivers/STM32F3xx_HAL_Driver/Src/stm32f3xx_ll_tim.o
 .text.LL_TIM_OC_SetCompareCH3
                0x0000000008001e78       0x1c ./Drivers/STM32F3xx_HAL_Driver/Src/stm32f3xx_ll_tim.o
 .text.LL_TIM_OC_SetCompareCH4
                0x0000000008001e94       0x1c ./Drivers/STM32F3xx_HAL_Driver/Src/stm32f3xx_ll_tim.o
 .text.LL_TIM_OC_SetCompareCH5
                0x0000000008001eb0       0x20 ./Drivers/STM32F3xx_HAL_Driver/Src/stm32f3xx_ll_tim.o
 .text.LL_TIM_OC_SetCompareCH6
                0x0000000008001ed0       0x1c ./Drivers/STM32F3xx_HAL_Driver/Src/stm32f3xx_ll_tim.o
 .text.LL_TIM_GenerateEvent_UPDATE
                0x0000000008001eec       0x20 ./Drivers/STM32F3xx_HAL_Driver/Src/stm32f3xx_ll_tim.o
 .text.LL_TIM_Init
                0x0000000008001f0c       0xe4 ./Drivers/STM32F3xx_HAL_Driver/Src/stm32f3xx_ll_tim.o
                0x0000000008001f0c                LL_TIM_Init
 .text.LL_TIM_OC_Init
                0x0000000008001ff0       0xbe ./Drivers/STM32F3xx_HAL_Driver/Src/stm32f3xx_ll_tim.o
                0x0000000008001ff0                LL_TIM_OC_Init
 *fill*         0x00000000080020ae        0x2 
 .text.OC1Config
                0x00000000080020b0       0xf4 ./Drivers/STM32F3xx_HAL_Driver/Src/stm32f3xx_ll_tim.o
 .text.OC2Config
                0x00000000080021a4       0xfc ./Drivers/STM32F3xx_HAL_Driver/Src/stm32f3xx_ll_tim.o
 .text.OC3Config
                0x00000000080022a0       0xfc ./Drivers/STM32F3xx_HAL_Driver/Src/stm32f3xx_ll_tim.o
 .text.OC4Config
                0x000000000800239c       0xcc ./Drivers/STM32F3xx_HAL_Driver/Src/stm32f3xx_ll_tim.o
 .text.OC5Config
                0x0000000008002468       0xbc ./Drivers/STM32F3xx_HAL_Driver/Src/stm32f3xx_ll_tim.o
 .text.OC6Config
                0x0000000008002524       0xbc ./Drivers/STM32F3xx_HAL_Driver/Src/stm32f3xx_ll_tim.o
 .text.LL_USART_IsEnabled
                0x00000000080025e0       0x26 ./Drivers/STM32F3xx_HAL_Driver/Src/stm32f3xx_ll_usart.o
 .text.LL_USART_SetStopBitsLength
                0x0000000008002606       0x26 ./Drivers/STM32F3xx_HAL_Driver/Src/stm32f3xx_ll_usart.o
 .text.LL_USART_SetHWFlowCtrl
                0x000000000800262c       0x26 ./Drivers/STM32F3xx_HAL_Driver/Src/stm32f3xx_ll_usart.o
 .text.LL_USART_SetBaudRate
                0x0000000008002652       0x6e ./Drivers/STM32F3xx_HAL_Driver/Src/stm32f3xx_ll_usart.o
 .text.LL_USART_Init
                0x00000000080026c0       0xd8 ./Drivers/STM32F3xx_HAL_Driver/Src/stm32f3xx_ll_usart.o
                0x00000000080026c0                LL_USART_Init
 .text.LL_InitTick
                0x0000000008002798       0x34 ./Drivers/STM32F3xx_HAL_Driver/Src/stm32f3xx_ll_utils.o
 .text.LL_Init1msTick
                0x00000000080027cc       0x1a ./Drivers/STM32F3xx_HAL_Driver/Src/stm32f3xx_ll_utils.o
                0x00000000080027cc                LL_Init1msTick
 *fill*         0x00000000080027e6        0x2 
 .text.LL_SetSystemCoreClock
                0x00000000080027e8       0x20 ./Drivers/STM32F3xx_HAL_Driver/Src/stm32f3xx_ll_utils.o
                0x00000000080027e8                LL_SetSystemCoreClock
 .text.__libc_init_array
                0x0000000008002808       0x48 c:/st/stm32cubeide_1.7.0/stm32cubeide/plugins/com.st.stm32cube.ide.mcu.externaltools.gnu-tools-for-stm32.9-2020-q2-update.win32_2.0.0.202105311346/tools/bin/../lib/gcc/arm-none-eabi/9.3.1/../../../../arm-none-eabi/lib/thumb/v7e-m+fp/hard\libc_nano.a(lib_a-init.o)
                0x0000000008002808                __libc_init_array
 .text.memset   0x0000000008002850       0x10 c:/st/stm32cubeide_1.7.0/stm32cubeide/plugins/com.st.stm32cube.ide.mcu.externaltools.gnu-tools-for-stm32.9-2020-q2-update.win32_2.0.0.202105311346/tools/bin/../lib/gcc/arm-none-eabi/9.3.1/../../../../arm-none-eabi/lib/thumb/v7e-m+fp/hard\libc_nano.a(lib_a-memset.o)
                0x0000000008002850                memset
 *(.glue_7)
 .glue_7        0x0000000008002860        0x0 linker stubs
 *(.glue_7t)
 .glue_7t       0x0000000008002860        0x0 linker stubs
 *(.eh_frame)
 .eh_frame      0x0000000008002860        0x0 c:/st/stm32cubeide_1.7.0/stm32cubeide/plugins/com.st.stm32cube.ide.mcu.externaltools.gnu-tools-for-stm32.9-2020-q2-update.win32_2.0.0.202105311346/tools/bin/../lib/gcc/arm-none-eabi/9.3.1/thumb/v7e-m+fp/hard/crtbegin.o
 *(.init)
 .init          0x0000000008002860        0x4 c:/st/stm32cubeide_1.7.0/stm32cubeide/plugins/com.st.stm32cube.ide.mcu.externaltools.gnu-tools-for-stm32.9-2020-q2-update.win32_2.0.0.202105311346/tools/bin/../lib/gcc/arm-none-eabi/9.3.1/thumb/v7e-m+fp/hard/crti.o
                0x0000000008002860                _init
 .init          0x0000000008002864        0x8 c:/st/stm32cubeide_1.7.0/stm32cubeide/plugins/com.st.stm32cube.ide.mcu.externaltools.gnu-tools-for-stm32.9-2020-q2-update.win32_2.0.0.202105311346/tools/bin/../lib/gcc/arm-none-eabi/9.3.1/thumb/v7e-m+fp/hard/crtn.o
 *(.fini)
 .fini          0x000000000800286c        0x4 c:/st/stm32cubeide_1.7.0/stm32cubeide/plugins/com.st.stm32cube.ide.mcu.externaltools.gnu-tools-for-stm32.9-2020-q2-update.win32_2.0.0.202105311346/tools/bin/../lib/gcc/arm-none-eabi/9.3.1/thumb/v7e-m+fp/hard/crti.o
                0x000000000800286c                _fini
 .fini          0x0000000008002870        0x8 c:/st/stm32cubeide_1.7.0/stm32cubeide/plugins/com.st.stm32cube.ide.mcu.externaltools.gnu-tools-for-stm32.9-2020-q2-update.win32_2.0.0.202105311346/tools/bin/../lib/gcc/arm-none-eabi/9.3.1/thumb/v7e-m+fp/hard/crtn.o
                0x0000000008002878                . = ALIGN (0x4)
                0x0000000008002878                _etext = .

.vfp11_veneer   0x0000000008002878        0x0
 .vfp11_veneer  0x0000000008002878        0x0 linker stubs

.v4_bx          0x0000000008002878        0x0
 .v4_bx         0x0000000008002878        0x0 linker stubs

.iplt           0x0000000008002878        0x0
 .iplt          0x0000000008002878        0x0 c:/st/stm32cubeide_1.7.0/stm32cubeide/plugins/com.st.stm32cube.ide.mcu.externaltools.gnu-tools-for-stm32.9-2020-q2-update.win32_2.0.0.202105311346/tools/bin/../lib/gcc/arm-none-eabi/9.3.1/thumb/v7e-m+fp/hard/crtbegin.o

.rodata         0x0000000008002878       0x40
                0x0000000008002878                . = ALIGN (0x4)
 *(.rodata)
 *(.rodata*)
 .rodata.CHANNEL_OFFSET_TAB
                0x0000000008002878        0x7 ./Core/Src/stm32f3xx_it.o
 *fill*         0x000000000800287f        0x1 
 .rodata.AHBPrescTable
                0x0000000008002880       0x10 ./Core/Src/system_stm32f3xx.o
                0x0000000008002880                AHBPrescTable
 .rodata.APBPrescTable
                0x0000000008002890        0x8 ./Core/Src/system_stm32f3xx.o
                0x0000000008002890                APBPrescTable
 .rodata.OFFSET_TAB_CCMRx
                0x0000000008002898        0x9 ./Core/Src/tim.o
 *fill*         0x00000000080028a1        0x3 
 .rodata.SHIFT_TAB_OCxx
                0x00000000080028a4        0x9 ./Core/Src/tim.o
 *fill*         0x00000000080028ad        0x3 
 .rodata.CHANNEL_OFFSET_TAB
                0x00000000080028b0        0x7 ./Core/Src/usart.o
                0x00000000080028b8                . = ALIGN (0x4)
 *fill*         0x00000000080028b7        0x1 

.rel.dyn        0x00000000080028b8        0x0
 .rel.iplt      0x00000000080028b8        0x0 c:/st/stm32cubeide_1.7.0/stm32cubeide/plugins/com.st.stm32cube.ide.mcu.externaltools.gnu-tools-for-stm32.9-2020-q2-update.win32_2.0.0.202105311346/tools/bin/../lib/gcc/arm-none-eabi/9.3.1/thumb/v7e-m+fp/hard/crtbegin.o

.ARM.extab      0x00000000080028b8        0x0
                0x00000000080028b8                . = ALIGN (0x4)
 *(.ARM.extab* .gnu.linkonce.armextab.*)
                0x00000000080028b8                . = ALIGN (0x4)

.ARM            0x00000000080028b8        0x0
                0x00000000080028b8                . = ALIGN (0x4)
                0x00000000080028b8                __exidx_start = .
 *(.ARM.exidx*)
                0x00000000080028b8                __exidx_end = .
                0x00000000080028b8                . = ALIGN (0x4)

.preinit_array  0x00000000080028b8        0x0
                0x00000000080028b8                . = ALIGN (0x4)
                0x00000000080028b8                PROVIDE (__preinit_array_start = .)
 *(.preinit_array*)
                0x00000000080028b8                PROVIDE (__preinit_array_end = .)
                0x00000000080028b8                . = ALIGN (0x4)

.init_array     0x00000000080028b8        0x4
                0x00000000080028b8                . = ALIGN (0x4)
                0x00000000080028b8                PROVIDE (__init_array_start = .)
 *(SORT_BY_NAME(.init_array.*))
 *(.init_array*)
 .init_array    0x00000000080028b8        0x4 c:/st/stm32cubeide_1.7.0/stm32cubeide/plugins/com.st.stm32cube.ide.mcu.externaltools.gnu-tools-for-stm32.9-2020-q2-update.win32_2.0.0.202105311346/tools/bin/../lib/gcc/arm-none-eabi/9.3.1/thumb/v7e-m+fp/hard/crtbegin.o
                0x00000000080028bc                PROVIDE (__init_array_end = .)
                0x00000000080028bc                . = ALIGN (0x4)

.fini_array     0x00000000080028bc        0x4
                0x00000000080028bc                . = ALIGN (0x4)
                [!provide]                        PROVIDE (__fini_array_start = .)
 *(SORT_BY_NAME(.fini_array.*))
 *(.fini_array*)
 .fini_array    0x00000000080028bc        0x4 c:/st/stm32cubeide_1.7.0/stm32cubeide/plugins/com.st.stm32cube.ide.mcu.externaltools.gnu-tools-for-stm32.9-2020-q2-update.win32_2.0.0.202105311346/tools/bin/../lib/gcc/arm-none-eabi/9.3.1/thumb/v7e-m+fp/hard/crtbegin.o
                [!provide]                        PROVIDE (__fini_array_end = .)
                0x00000000080028c0                . = ALIGN (0x4)
                0x00000000080028c0                _sidata = LOADADDR (.data)

.data           0x0000000020000000        0x4 load address 0x00000000080028c0
                0x0000000020000000                . = ALIGN (0x4)
                0x0000000020000000                _sdata = .
 *(.data)
 *(.data*)
 .data.SystemCoreClock
                0x0000000020000000        0x4 ./Core/Src/system_stm32f3xx.o
                0x0000000020000000                SystemCoreClock
 *(.RamFunc)
 *(.RamFunc*)
                0x0000000020000004                . = ALIGN (0x4)
                0x0000000020000004                _edata = .
                0x00000000080028c4                _siccmram = LOADADDR (.ccmram)

.igot.plt       0x0000000020000004        0x0 load address 0x00000000080028c4
 .igot.plt      0x0000000020000004        0x0 c:/st/stm32cubeide_1.7.0/stm32cubeide/plugins/com.st.stm32cube.ide.mcu.externaltools.gnu-tools-for-stm32.9-2020-q2-update.win32_2.0.0.202105311346/tools/bin/../lib/gcc/arm-none-eabi/9.3.1/thumb/v7e-m+fp/hard/crtbegin.o

.ccmram         0x0000000010000000        0x0 load address 0x00000000080028c4
                0x0000000010000000                . = ALIGN (0x4)
                0x0000000010000000                _sccmram = .
 *(.ccmram)
 *(.ccmram*)
                0x0000000010000000                . = ALIGN (0x4)
                0x0000000010000000                _eccmram = .
                0x0000000010000000                . = ALIGN (0x4)

.bss            0x0000000020000004      0x12c
                0x0000000020000004                _sbss = .
                0x0000000020000004                __bss_start__ = _sbss
 *(.bss)
 .bss           0x0000000020000004       0x1c c:/st/stm32cubeide_1.7.0/stm32cubeide/plugins/com.st.stm32cube.ide.mcu.externaltools.gnu-tools-for-stm32.9-2020-q2-update.win32_2.0.0.202105311346/tools/bin/../lib/gcc/arm-none-eabi/9.3.1/thumb/v7e-m+fp/hard/crtbegin.o
 *(.bss*)
 .bss.pwm       0x0000000020000020        0x4 ./Core/Src/main.o
                0x0000000020000020                pwm
 .bss.truepwm   0x0000000020000024        0x4 ./Core/Src/main.o
                0x0000000020000024                truepwm
 .bss.USART2_ProcessData
                0x0000000020000028        0x4 ./Core/Src/usart.o
 .bss.old_pos   0x000000002000002c        0x2 ./Core/Src/usart.o
                0x000000002000002c                old_pos
 *(COMMON)
 *fill*         0x000000002000002e        0x2 
 COMMON         0x0000000020000030      0x100 ./Core/Src/usart.o
                0x0000000020000030                bufferUSART2dma
                0x0000000020000130                . = ALIGN (0x4)
                0x0000000020000130                _ebss = .
                0x0000000020000130                __bss_end__ = _ebss

._user_heap_stack
                0x0000000020000130      0x600
                0x0000000020000130                . = ALIGN (0x8)
                [!provide]                        PROVIDE (end = .)
                0x0000000020000130                PROVIDE (_end = .)
                0x0000000020000330                . = (. + _Min_Heap_Size)
 *fill*         0x0000000020000130      0x200 
                0x0000000020000730                . = (. + _Min_Stack_Size)
 *fill*         0x0000000020000330      0x400 
                0x0000000020000730                . = ALIGN (0x8)

/DISCARD/
 libc.a(*)
 libm.a(*)
 libgcc.a(*)

.ARM.attributes
                0x0000000000000000       0x30
 *(.ARM.attributes)
 .ARM.attributes
                0x0000000000000000       0x1e c:/st/stm32cubeide_1.7.0/stm32cubeide/plugins/com.st.stm32cube.ide.mcu.externaltools.gnu-tools-for-stm32.9-2020-q2-update.win32_2.0.0.202105311346/tools/bin/../lib/gcc/arm-none-eabi/9.3.1/thumb/v7e-m+fp/hard/crti.o
 .ARM.attributes
                0x000000000000001e       0x34 c:/st/stm32cubeide_1.7.0/stm32cubeide/plugins/com.st.stm32cube.ide.mcu.externaltools.gnu-tools-for-stm32.9-2020-q2-update.win32_2.0.0.202105311346/tools/bin/../lib/gcc/arm-none-eabi/9.3.1/thumb/v7e-m+fp/hard/crtbegin.o
 .ARM.attributes
                0x0000000000000052       0x34 ./Core/Src/dma.o
 .ARM.attributes
                0x0000000000000086       0x34 ./Core/Src/gpio.o
 .ARM.attributes
                0x00000000000000ba       0x34 ./Core/Src/main.o
 .ARM.attributes
                0x00000000000000ee       0x34 ./Core/Src/stm32f3xx_it.o
 .ARM.attributes
                0x0000000000000122       0x34 ./Core/Src/system_stm32f3xx.o
 .ARM.attributes
                0x0000000000000156       0x34 ./Core/Src/tim.o
 .ARM.attributes
                0x000000000000018a       0x34 ./Core/Src/usart.o
 .ARM.attributes
                0x00000000000001be       0x21 ./Core/Startup/startup_stm32f303k8tx.o
 .ARM.attributes
                0x00000000000001df       0x34 ./Drivers/STM32F3xx_HAL_Driver/Src/stm32f3xx_ll_gpio.o
 .ARM.attributes
                0x0000000000000213       0x34 ./Drivers/STM32F3xx_HAL_Driver/Src/stm32f3xx_ll_rcc.o
 .ARM.attributes
                0x0000000000000247       0x34 ./Drivers/STM32F3xx_HAL_Driver/Src/stm32f3xx_ll_tim.o
 .ARM.attributes
                0x000000000000027b       0x34 ./Drivers/STM32F3xx_HAL_Driver/Src/stm32f3xx_ll_usart.o
 .ARM.attributes
                0x00000000000002af       0x34 ./Drivers/STM32F3xx_HAL_Driver/Src/stm32f3xx_ll_utils.o
 .ARM.attributes
                0x00000000000002e3       0x34 c:/st/stm32cubeide_1.7.0/stm32cubeide/plugins/com.st.stm32cube.ide.mcu.externaltools.gnu-tools-for-stm32.9-2020-q2-update.win32_2.0.0.202105311346/tools/bin/../lib/gcc/arm-none-eabi/9.3.1/../../../../arm-none-eabi/lib/thumb/v7e-m+fp/hard\libc_nano.a(lib_a-init.o)
 .ARM.attributes
                0x0000000000000317       0x34 c:/st/stm32cubeide_1.7.0/stm32cubeide/plugins/com.st.stm32cube.ide.mcu.externaltools.gnu-tools-for-stm32.9-2020-q2-update.win32_2.0.0.202105311346/tools/bin/../lib/gcc/arm-none-eabi/9.3.1/../../../../arm-none-eabi/lib/thumb/v7e-m+fp/hard\libc_nano.a(lib_a-memset.o)
 .ARM.attributes
                0x000000000000034b       0x1e c:/st/stm32cubeide_1.7.0/stm32cubeide/plugins/com.st.stm32cube.ide.mcu.externaltools.gnu-tools-for-stm32.9-2020-q2-update.win32_2.0.0.202105311346/tools/bin/../lib/gcc/arm-none-eabi/9.3.1/thumb/v7e-m+fp/hard/crtn.o
OUTPUT(vrs_zad9.elf elf32-littlearm)
LOAD linker stubs
LOAD c:/st/stm32cubeide_1.7.0/stm32cubeide/plugins/com.st.stm32cube.ide.mcu.externaltools.gnu-tools-for-stm32.9-2020-q2-update.win32_2.0.0.202105311346/tools/bin/../lib/gcc/arm-none-eabi/9.3.1/../../../../arm-none-eabi/lib/thumb/v7e-m+fp/hard\libc.a
LOAD c:/st/stm32cubeide_1.7.0/stm32cubeide/plugins/com.st.stm32cube.ide.mcu.externaltools.gnu-tools-for-stm32.9-2020-q2-update.win32_2.0.0.202105311346/tools/bin/../lib/gcc/arm-none-eabi/9.3.1/../../../../arm-none-eabi/lib/thumb/v7e-m+fp/hard\libm.a
LOAD c:/st/stm32cubeide_1.7.0/stm32cubeide/plugins/com.st.stm32cube.ide.mcu.externaltools.gnu-tools-for-stm32.9-2020-q2-update.win32_2.0.0.202105311346/tools/bin/../lib/gcc/arm-none-eabi/9.3.1/thumb/v7e-m+fp/hard\libgcc.a

.debug_info     0x0000000000000000     0x7a7f
 .debug_info    0x0000000000000000      0x802 ./Core/Src/dma.o
 .debug_info    0x0000000000000802      0x2cb ./Core/Src/gpio.o
 .debug_info    0x0000000000000acd     0x1639 ./Core/Src/main.o
 .debug_info    0x0000000000002106      0x62d ./Core/Src/stm32f3xx_it.o
 .debug_info    0x0000000000002733      0x439 ./Core/Src/system_stm32f3xx.o
 .debug_info    0x0000000000002b6c      0xd64 ./Core/Src/tim.o
 .debug_info    0x00000000000038d0     0x1221 ./Core/Src/usart.o
 .debug_info    0x0000000000004af1       0x22 ./Core/Startup/startup_stm32f303k8tx.o
 .debug_info    0x0000000000004b13      0x7ce ./Drivers/STM32F3xx_HAL_Driver/Src/stm32f3xx_ll_gpio.o
 .debug_info    0x00000000000052e1      0x74c ./Drivers/STM32F3xx_HAL_Driver/Src/stm32f3xx_ll_rcc.o
 .debug_info    0x0000000000005a2d     0x1092 ./Drivers/STM32F3xx_HAL_Driver/Src/stm32f3xx_ll_tim.o
 .debug_info    0x0000000000006abf      0x72b ./Drivers/STM32F3xx_HAL_Driver/Src/stm32f3xx_ll_usart.o
 .debug_info    0x00000000000071ea      0x895 ./Drivers/STM32F3xx_HAL_Driver/Src/stm32f3xx_ll_utils.o

.debug_abbrev   0x0000000000000000     0x19ed
 .debug_abbrev  0x0000000000000000      0x1be ./Core/Src/dma.o
 .debug_abbrev  0x00000000000001be      0x127 ./Core/Src/gpio.o
 .debug_abbrev  0x00000000000002e5      0x383 ./Core/Src/main.o
 .debug_abbrev  0x0000000000000668      0x1f8 ./Core/Src/stm32f3xx_it.o
 .debug_abbrev  0x0000000000000860      0x129 ./Core/Src/system_stm32f3xx.o
 .debug_abbrev  0x0000000000000989      0x1fa ./Core/Src/tim.o
 .debug_abbrev  0x0000000000000b83      0x2f8 ./Core/Src/usart.o
 .debug_abbrev  0x0000000000000e7b       0x12 ./Core/Startup/startup_stm32f303k8tx.o
 .debug_abbrev  0x0000000000000e8d      0x23b ./Drivers/STM32F3xx_HAL_Driver/Src/stm32f3xx_ll_gpio.o
 .debug_abbrev  0x00000000000010c8      0x261 ./Drivers/STM32F3xx_HAL_Driver/Src/stm32f3xx_ll_rcc.o
 .debug_abbrev  0x0000000000001329      0x22b ./Drivers/STM32F3xx_HAL_Driver/Src/stm32f3xx_ll_tim.o
 .debug_abbrev  0x0000000000001554      0x1d7 ./Drivers/STM32F3xx_HAL_Driver/Src/stm32f3xx_ll_usart.o
 .debug_abbrev  0x000000000000172b      0x2c2 ./Drivers/STM32F3xx_HAL_Driver/Src/stm32f3xx_ll_utils.o

.debug_aranges  0x0000000000000000      0x828
 .debug_aranges
                0x0000000000000000       0x48 ./Core/Src/dma.o
 .debug_aranges
                0x0000000000000048       0x28 ./Core/Src/gpio.o
 .debug_aranges
                0x0000000000000070       0xe8 ./Core/Src/main.o
 .debug_aranges
                0x0000000000000158       0xc8 ./Core/Src/stm32f3xx_it.o
 .debug_aranges
                0x0000000000000220       0x28 ./Core/Src/system_stm32f3xx.o
 .debug_aranges
                0x0000000000000248       0x80 ./Core/Src/tim.o
 .debug_aranges
                0x00000000000002c8      0x108 ./Core/Src/usart.o
 .debug_aranges
                0x00000000000003d0       0x28 ./Core/Startup/startup_stm32f303k8tx.o
 .debug_aranges
                0x00000000000003f8       0x70 ./Drivers/STM32F3xx_HAL_Driver/Src/stm32f3xx_ll_gpio.o
 .debug_aranges
                0x0000000000000468      0x100 ./Drivers/STM32F3xx_HAL_Driver/Src/stm32f3xx_ll_rcc.o
 .debug_aranges
                0x0000000000000568      0x148 ./Drivers/STM32F3xx_HAL_Driver/Src/stm32f3xx_ll_tim.o
 .debug_aranges
                0x00000000000006b0       0x88 ./Drivers/STM32F3xx_HAL_Driver/Src/stm32f3xx_ll_usart.o
 .debug_aranges
                0x0000000000000738       0xf0 ./Drivers/STM32F3xx_HAL_Driver/Src/stm32f3xx_ll_utils.o

.debug_ranges   0x0000000000000000      0x760
 .debug_ranges  0x0000000000000000       0x38 ./Core/Src/dma.o
 .debug_ranges  0x0000000000000038       0x18 ./Core/Src/gpio.o
 .debug_ranges  0x0000000000000050       0xd8 ./Core/Src/main.o
 .debug_ranges  0x0000000000000128       0xb8 ./Core/Src/stm32f3xx_it.o
 .debug_ranges  0x00000000000001e0       0x18 ./Core/Src/system_stm32f3xx.o
 .debug_ranges  0x00000000000001f8       0x70 ./Core/Src/tim.o
 .debug_ranges  0x0000000000000268       0xf8 ./Core/Src/usart.o
 .debug_ranges  0x0000000000000360       0x20 ./Core/Startup/startup_stm32f303k8tx.o
 .debug_ranges  0x0000000000000380       0x60 ./Drivers/STM32F3xx_HAL_Driver/Src/stm32f3xx_ll_gpio.o
 .debug_ranges  0x00000000000003e0       0xf0 ./Drivers/STM32F3xx_HAL_Driver/Src/stm32f3xx_ll_rcc.o
 .debug_ranges  0x00000000000004d0      0x138 ./Drivers/STM32F3xx_HAL_Driver/Src/stm32f3xx_ll_tim.o
 .debug_ranges  0x0000000000000608       0x78 ./Drivers/STM32F3xx_HAL_Driver/Src/stm32f3xx_ll_usart.o
 .debug_ranges  0x0000000000000680       0xe0 ./Drivers/STM32F3xx_HAL_Driver/Src/stm32f3xx_ll_utils.o

.debug_macro    0x0000000000000000    0x1721b
 .debug_macro   0x0000000000000000      0x13f ./Core/Src/dma.o
 .debug_macro   0x000000000000013f      0xade ./Core/Src/dma.o
 .debug_macro   0x0000000000000c1d       0x2e ./Core/Src/dma.o
 .debug_macro   0x0000000000000c4b       0x28 ./Core/Src/dma.o
 .debug_macro   0x0000000000000c73       0x22 ./Core/Src/dma.o
 .debug_macro   0x0000000000000c95       0x8e ./Core/Src/dma.o
 .debug_macro   0x0000000000000d23       0x51 ./Core/Src/dma.o
 .debug_macro   0x0000000000000d74      0x103 ./Core/Src/dma.o
 .debug_macro   0x0000000000000e77       0x6a ./Core/Src/dma.o
 .debug_macro   0x0000000000000ee1      0x1df ./Core/Src/dma.o
 .debug_macro   0x00000000000010c0       0x1c ./Core/Src/dma.o
 .debug_macro   0x00000000000010dc       0x22 ./Core/Src/dma.o
 .debug_macro   0x00000000000010fe       0xdf ./Core/Src/dma.o
 .debug_macro   0x00000000000011dd      0xf07 ./Core/Src/dma.o
 .debug_macro   0x00000000000020e4    0x10be0 ./Core/Src/dma.o
 .debug_macro   0x0000000000012cc4       0x6d ./Core/Src/dma.o
 .debug_macro   0x0000000000012d31      0x281 ./Core/Src/dma.o
 .debug_macro   0x0000000000012fb2      0x4c2 ./Core/Src/dma.o
 .debug_macro   0x0000000000013474       0xe1 ./Core/Src/dma.o
 .debug_macro   0x0000000000013555      0x29f ./Core/Src/dma.o
 .debug_macro   0x00000000000137f4       0xfe ./Core/Src/dma.o
 .debug_macro   0x00000000000138f2       0x28 ./Core/Src/dma.o
 .debug_macro   0x000000000001391a       0x30 ./Core/Src/dma.o
 .debug_macro   0x000000000001394a       0xa8 ./Core/Src/dma.o
 .debug_macro   0x00000000000139f2      0x803 ./Core/Src/dma.o
 .debug_macro   0x00000000000141f5      0x2f7 ./Core/Src/dma.o
 .debug_macro   0x00000000000144ec      0x142 ./Core/Src/dma.o
 .debug_macro   0x000000000001462e       0x22 ./Core/Src/dma.o
 .debug_macro   0x0000000000014650      0x13f ./Core/Src/gpio.o
 .debug_macro   0x000000000001478f      0x2fd ./Core/Src/main.o
 .debug_macro   0x0000000000014a8c       0x10 ./Core/Src/main.o
 .debug_macro   0x0000000000014a9c       0x22 ./Core/Src/main.o
 .debug_macro   0x0000000000014abe       0x52 ./Core/Src/main.o
 .debug_macro   0x0000000000014b10       0x18 ./Core/Src/main.o
 .debug_macro   0x0000000000014b28       0x3c ./Core/Src/main.o
 .debug_macro   0x0000000000014b64       0x34 ./Core/Src/main.o
 .debug_macro   0x0000000000014b98      0x174 ./Core/Src/main.o
 .debug_macro   0x0000000000014d0c       0x16 ./Core/Src/main.o
 .debug_macro   0x0000000000014d22       0x43 ./Core/Src/main.o
 .debug_macro   0x0000000000014d65       0x34 ./Core/Src/main.o
 .debug_macro   0x0000000000014d99       0x10 ./Core/Src/main.o
 .debug_macro   0x0000000000014da9       0x58 ./Core/Src/main.o
 .debug_macro   0x0000000000014e01       0x71 ./Core/Src/main.o
 .debug_macro   0x0000000000014e72       0x1c ./Core/Src/main.o
 .debug_macro   0x0000000000014e8e      0x12a ./Core/Src/main.o
 .debug_macro   0x0000000000014fb8      0x333 ./Core/Src/main.o
 .debug_macro   0x00000000000152eb       0x10 ./Core/Src/main.o
 .debug_macro   0x00000000000152fb       0x35 ./Core/Src/main.o
 .debug_macro   0x0000000000015330       0x20 ./Core/Src/main.o
 .debug_macro   0x0000000000015350       0x1c ./Core/Src/main.o
 .debug_macro   0x000000000001536c       0x10 ./Core/Src/main.o
 .debug_macro   0x000000000001537c       0x10 ./Core/Src/main.o
 .debug_macro   0x000000000001538c       0x1c ./Core/Src/main.o
 .debug_macro   0x00000000000153a8       0x52 ./Core/Src/main.o
 .debug_macro   0x00000000000153fa       0x22 ./Core/Src/main.o
 .debug_macro   0x000000000001541c       0x10 ./Core/Src/main.o
 .debug_macro   0x000000000001542c       0x40 ./Core/Src/main.o
 .debug_macro   0x000000000001546c       0xd5 ./Core/Src/main.o
 .debug_macro   0x0000000000015541       0x1c ./Core/Src/main.o
 .debug_macro   0x000000000001555d       0x3d ./Core/Src/main.o
 .debug_macro   0x000000000001559a       0x16 ./Core/Src/main.o
 .debug_macro   0x00000000000155b0      0x145 ./Core/Src/main.o
 .debug_macro   0x00000000000156f5      0x13f ./Core/Src/stm32f3xx_it.o
 .debug_macro   0x0000000000015834       0xbd ./Core/Src/system_stm32f3xx.o
 .debug_macro   0x00000000000158f1      0x13f ./Core/Src/tim.o
 .debug_macro   0x0000000000015a30      0x145 ./Core/Src/usart.o
 .debug_macro   0x0000000000015b75       0xff ./Drivers/STM32F3xx_HAL_Driver/Src/stm32f3xx_ll_gpio.o
 .debug_macro   0x0000000000015c74      0x13c ./Drivers/STM32F3xx_HAL_Driver/Src/stm32f3xx_ll_gpio.o
 .debug_macro   0x0000000000015db0       0xf1 ./Drivers/STM32F3xx_HAL_Driver/Src/stm32f3xx_ll_rcc.o
 .debug_macro   0x0000000000015ea1      0x4bc ./Drivers/STM32F3xx_HAL_Driver/Src/stm32f3xx_ll_rcc.o
 .debug_macro   0x000000000001635d      0x169 ./Drivers/STM32F3xx_HAL_Driver/Src/stm32f3xx_ll_tim.o
 .debug_macro   0x00000000000164c6      0x7fd ./Drivers/STM32F3xx_HAL_Driver/Src/stm32f3xx_ll_tim.o
 .debug_macro   0x0000000000016cc3      0x12c ./Drivers/STM32F3xx_HAL_Driver/Src/stm32f3xx_ll_usart.o
 .debug_macro   0x0000000000016def      0x2f1 ./Drivers/STM32F3xx_HAL_Driver/Src/stm32f3xx_ll_usart.o
 .debug_macro   0x00000000000170e0      0x13b ./Drivers/STM32F3xx_HAL_Driver/Src/stm32f3xx_ll_utils.o

.debug_line     0x0000000000000000     0x6443
 .debug_line    0x0000000000000000      0x68a ./Core/Src/dma.o
 .debug_line    0x000000000000068a      0x5ae ./Core/Src/gpio.o
 .debug_line    0x0000000000000c38      0xc31 ./Core/Src/main.o
 .debug_line    0x0000000000001869      0x80c ./Core/Src/stm32f3xx_it.o
 .debug_line    0x0000000000002075      0x4d8 ./Core/Src/system_stm32f3xx.o
 .debug_line    0x000000000000254d      0x89e ./Core/Src/tim.o
 .debug_line    0x0000000000002deb      0xa0b ./Core/Src/usart.o
 .debug_line    0x00000000000037f6       0x88 ./Core/Startup/startup_stm32f303k8tx.o
 .debug_line    0x000000000000387e      0x73a ./Drivers/STM32F3xx_HAL_Driver/Src/stm32f3xx_ll_gpio.o
 .debug_line    0x0000000000003fb8      0x8fa ./Drivers/STM32F3xx_HAL_Driver/Src/stm32f3xx_ll_rcc.o
 .debug_line    0x00000000000048b2      0xba1 ./Drivers/STM32F3xx_HAL_Driver/Src/stm32f3xx_ll_tim.o
 .debug_line    0x0000000000005453      0x6dd ./Drivers/STM32F3xx_HAL_Driver/Src/stm32f3xx_ll_usart.o
 .debug_line    0x0000000000005b30      0x913 ./Drivers/STM32F3xx_HAL_Driver/Src/stm32f3xx_ll_utils.o

.debug_str      0x0000000000000000    0x79ce1
 .debug_str     0x0000000000000000    0x711ee ./Core/Src/dma.o
                                      0x71462 (size before relaxing)
 .debug_str     0x00000000000711ee       0x2c ./Core/Src/gpio.o
                                      0x71000 (size before relaxing)
 .debug_str     0x000000000007121a     0x4694 ./Core/Src/main.o
                                      0x75bf5 (size before relaxing)
 .debug_str     0x00000000000758ae      0x277 ./Core/Src/stm32f3xx_it.o
                                      0x711eb (size before relaxing)
 .debug_str     0x0000000000075b25       0x5f ./Core/Src/system_stm32f3xx.o
                                      0x65700 (size before relaxing)
 .debug_str     0x0000000000075b84      0x1f9 ./Core/Src/tim.o
                                      0x7170f (size before relaxing)
 .debug_str     0x0000000000075d7d      0x32c ./Core/Src/usart.o
                                      0x71935 (size before relaxing)
 .debug_str     0x00000000000760a9       0x36 ./Core/Startup/startup_stm32f303k8tx.o
                                         0x61 (size before relaxing)
 .debug_str     0x00000000000760df      0x67a ./Drivers/STM32F3xx_HAL_Driver/Src/stm32f3xx_ll_gpio.o
                                      0x66a63 (size before relaxing)
 .debug_str     0x0000000000076759      0x4fd ./Drivers/STM32F3xx_HAL_Driver/Src/stm32f3xx_ll_rcc.o
                                      0x67eb5 (size before relaxing)
 .debug_str     0x0000000000076c56     0x1bb9 ./Drivers/STM32F3xx_HAL_Driver/Src/stm32f3xx_ll_tim.o
                                      0x6b9b3 (size before relaxing)
 .debug_str     0x000000000007880f      0x80d ./Drivers/STM32F3xx_HAL_Driver/Src/stm32f3xx_ll_usart.o
                                      0x6998e (size before relaxing)
 .debug_str     0x000000000007901c      0xcc5 ./Drivers/STM32F3xx_HAL_Driver/Src/stm32f3xx_ll_utils.o
                                      0x6a735 (size before relaxing)

.comment        0x0000000000000000       0x53
 .comment       0x0000000000000000       0x53 ./Core/Src/dma.o
                                         0x54 (size before relaxing)
 .comment       0x0000000000000053       0x54 ./Core/Src/gpio.o
 .comment       0x0000000000000053       0x54 ./Core/Src/main.o
 .comment       0x0000000000000053       0x54 ./Core/Src/stm32f3xx_it.o
 .comment       0x0000000000000053       0x54 ./Core/Src/system_stm32f3xx.o
 .comment       0x0000000000000053       0x54 ./Core/Src/tim.o
 .comment       0x0000000000000053       0x54 ./Core/Src/usart.o
 .comment       0x0000000000000053       0x54 ./Drivers/STM32F3xx_HAL_Driver/Src/stm32f3xx_ll_gpio.o
 .comment       0x0000000000000053       0x54 ./Drivers/STM32F3xx_HAL_Driver/Src/stm32f3xx_ll_rcc.o
 .comment       0x0000000000000053       0x54 ./Drivers/STM32F3xx_HAL_Driver/Src/stm32f3xx_ll_tim.o
 .comment       0x0000000000000053       0x54 ./Drivers/STM32F3xx_HAL_Driver/Src/stm32f3xx_ll_usart.o
 .comment       0x0000000000000053       0x54 ./Drivers/STM32F3xx_HAL_Driver/Src/stm32f3xx_ll_utils.o

.debug_frame    0x0000000000000000     0x20f8
 .debug_frame   0x0000000000000000       0xec ./Core/Src/dma.o
 .debug_frame   0x00000000000000ec       0x54 ./Core/Src/gpio.o
 .debug_frame   0x0000000000000140      0x3c0 ./Core/Src/main.o
 .debug_frame   0x0000000000000500      0x2ec ./Core/Src/stm32f3xx_it.o
 .debug_frame   0x00000000000007ec       0x58 ./Core/Src/system_stm32f3xx.o
 .debug_frame   0x0000000000000844      0x20c ./Core/Src/tim.o
 .debug_frame   0x0000000000000a50      0x4b4 ./Core/Src/usart.o
 .debug_frame   0x0000000000000f04      0x1c0 ./Drivers/STM32F3xx_HAL_Driver/Src/stm32f3xx_ll_gpio.o
 .debug_frame   0x00000000000010c4      0x408 ./Drivers/STM32F3xx_HAL_Driver/Src/stm32f3xx_ll_rcc.o
 .debug_frame   0x00000000000014cc      0x5d0 ./Drivers/STM32F3xx_HAL_Driver/Src/stm32f3xx_ll_tim.o
 .debug_frame   0x0000000000001a9c      0x234 ./Drivers/STM32F3xx_HAL_Driver/Src/stm32f3xx_ll_usart.o
 .debug_frame   0x0000000000001cd0      0x3dc ./Drivers/STM32F3xx_HAL_Driver/Src/stm32f3xx_ll_utils.o
 .debug_frame   0x00000000000020ac       0x2c c:/st/stm32cubeide_1.7.0/stm32cubeide/plugins/com.st.stm32cube.ide.mcu.externaltools.gnu-tools-for-stm32.9-2020-q2-update.win32_2.0.0.202105311346/tools/bin/../lib/gcc/arm-none-eabi/9.3.1/../../../../arm-none-eabi/lib/thumb/v7e-m+fp/hard\libc_nano.a(lib_a-init.o)
 .debug_frame   0x00000000000020d8       0x20 c:/st/stm32cubeide_1.7.0/stm32cubeide/plugins/com.st.stm32cube.ide.mcu.externaltools.gnu-tools-for-stm32.9-2020-q2-update.win32_2.0.0.202105311346/tools/bin/../lib/gcc/arm-none-eabi/9.3.1/../../../../arm-none-eabi/lib/thumb/v7e-m+fp/hard\libc_nano.a(lib_a-memset.o)
