Archive member included to satisfy reference by file (symbol)

c:/st/stm32cubeide_1.7.0/stm32cubeide/plugins/com.st.stm32cube.ide.mcu.externaltools.gnu-tools-for-stm32.9-2020-q2-update.win32_2.0.0.202105311346/tools/bin/../lib/gcc/arm-none-eabi/9.3.1/../../../../arm-none-eabi/lib/thumb/v7e-m+fp/hard\libc_nano.a(lib_a-errno.o)
                              ./Core/Src/syscalls.o (__errno)
c:/st/stm32cubeide_1.7.0/stm32cubeide/plugins/com.st.stm32cube.ide.mcu.externaltools.gnu-tools-for-stm32.9-2020-q2-update.win32_2.0.0.202105311346/tools/bin/../lib/gcc/arm-none-eabi/9.3.1/../../../../arm-none-eabi/lib/thumb/v7e-m+fp/hard\libc_nano.a(lib_a-exit.o)
                              c:/st/stm32cubeide_1.7.0/stm32cubeide/plugins/com.st.stm32cube.ide.mcu.externaltools.gnu-tools-for-stm32.9-2020-q2-update.win32_2.0.0.202105311346/tools/bin/../lib/gcc/arm-none-eabi/9.3.1/../../../../arm-none-eabi/lib/thumb/v7e-m+fp/hard/crt0.o (exit)
c:/st/stm32cubeide_1.7.0/stm32cubeide/plugins/com.st.stm32cube.ide.mcu.externaltools.gnu-tools-for-stm32.9-2020-q2-update.win32_2.0.0.202105311346/tools/bin/../lib/gcc/arm-none-eabi/9.3.1/../../../../arm-none-eabi/lib/thumb/v7e-m+fp/hard\libc_nano.a(lib_a-impure.o)
                              c:/st/stm32cubeide_1.7.0/stm32cubeide/plugins/com.st.stm32cube.ide.mcu.externaltools.gnu-tools-for-stm32.9-2020-q2-update.win32_2.0.0.202105311346/tools/bin/../lib/gcc/arm-none-eabi/9.3.1/../../../../arm-none-eabi/lib/thumb/v7e-m+fp/hard\libc_nano.a(lib_a-exit.o) (_global_impure_ptr)
c:/st/stm32cubeide_1.7.0/stm32cubeide/plugins/com.st.stm32cube.ide.mcu.externaltools.gnu-tools-for-stm32.9-2020-q2-update.win32_2.0.0.202105311346/tools/bin/../lib/gcc/arm-none-eabi/9.3.1/../../../../arm-none-eabi/lib/thumb/v7e-m+fp/hard\libc_nano.a(lib_a-init.o)
                              c:/st/stm32cubeide_1.7.0/stm32cubeide/plugins/com.st.stm32cube.ide.mcu.externaltools.gnu-tools-for-stm32.9-2020-q2-update.win32_2.0.0.202105311346/tools/bin/../lib/gcc/arm-none-eabi/9.3.1/../../../../arm-none-eabi/lib/thumb/v7e-m+fp/hard/crt0.o (__libc_init_array)
c:/st/stm32cubeide_1.7.0/stm32cubeide/plugins/com.st.stm32cube.ide.mcu.externaltools.gnu-tools-for-stm32.9-2020-q2-update.win32_2.0.0.202105311346/tools/bin/../lib/gcc/arm-none-eabi/9.3.1/../../../../arm-none-eabi/lib/thumb/v7e-m+fp/hard\libc_nano.a(lib_a-memset.o)
                              c:/st/stm32cubeide_1.7.0/stm32cubeide/plugins/com.st.stm32cube.ide.mcu.externaltools.gnu-tools-for-stm32.9-2020-q2-update.win32_2.0.0.202105311346/tools/bin/../lib/gcc/arm-none-eabi/9.3.1/../../../../arm-none-eabi/lib/thumb/v7e-m+fp/hard/crt0.o (memset)
c:/st/stm32cubeide_1.7.0/stm32cubeide/plugins/com.st.stm32cube.ide.mcu.externaltools.gnu-tools-for-stm32.9-2020-q2-update.win32_2.0.0.202105311346/tools/bin/../lib/gcc/arm-none-eabi/9.3.1/../../../../arm-none-eabi/lib/thumb/v7e-m+fp/hard\libc_nano.a(lib_a-strcmp.o)
                              ./Core/Src/main.o (strcmp)
c:/st/stm32cubeide_1.7.0/stm32cubeide/plugins/com.st.stm32cube.ide.mcu.externaltools.gnu-tools-for-stm32.9-2020-q2-update.win32_2.0.0.202105311346/tools/bin/../lib/gcc/arm-none-eabi/9.3.1/../../../../arm-none-eabi/lib/thumb/v7e-m+fp/hard\libc_nano.a(lib_a-strncmp.o)
                              ./Core/Src/main.o (strncmp)

Allocating common symbols
Common symbol       size              file

msg                 0x23              ./Core/Src/main.o
bufferUSART2dma     0x100             ./Core/Src/usart.o

Discarded input sections

 .text          0x0000000000000000        0x0 c:/st/stm32cubeide_1.7.0/stm32cubeide/plugins/com.st.stm32cube.ide.mcu.externaltools.gnu-tools-for-stm32.9-2020-q2-update.win32_2.0.0.202105311346/tools/bin/../lib/gcc/arm-none-eabi/9.3.1/thumb/v7e-m+fp/hard/crti.o
 .data          0x0000000000000000        0x0 c:/st/stm32cubeide_1.7.0/stm32cubeide/plugins/com.st.stm32cube.ide.mcu.externaltools.gnu-tools-for-stm32.9-2020-q2-update.win32_2.0.0.202105311346/tools/bin/../lib/gcc/arm-none-eabi/9.3.1/thumb/v7e-m+fp/hard/crti.o
 .bss           0x0000000000000000        0x0 c:/st/stm32cubeide_1.7.0/stm32cubeide/plugins/com.st.stm32cube.ide.mcu.externaltools.gnu-tools-for-stm32.9-2020-q2-update.win32_2.0.0.202105311346/tools/bin/../lib/gcc/arm-none-eabi/9.3.1/thumb/v7e-m+fp/hard/crti.o
 .data          0x0000000000000000        0x4 c:/st/stm32cubeide_1.7.0/stm32cubeide/plugins/com.st.stm32cube.ide.mcu.externaltools.gnu-tools-for-stm32.9-2020-q2-update.win32_2.0.0.202105311346/tools/bin/../lib/gcc/arm-none-eabi/9.3.1/thumb/v7e-m+fp/hard/crtbegin.o
 .text          0x0000000000000000       0x7c c:/st/stm32cubeide_1.7.0/stm32cubeide/plugins/com.st.stm32cube.ide.mcu.externaltools.gnu-tools-for-stm32.9-2020-q2-update.win32_2.0.0.202105311346/tools/bin/../lib/gcc/arm-none-eabi/9.3.1/../../../../arm-none-eabi/lib/thumb/v7e-m+fp/hard/crt0.o
[...]
Memory Configuration

Name             Origin             Length             Attributes
CCMRAM           0x0000000010000000 0x0000000000001000 xrw
RAM              0x0000000020000000 0x0000000000003000 xrw
FLASH            0x0000000008000000 0x0000000000010000 xr
*default*        0x0000000000000000 0xffffffffffffffff

Linker script and memory map

LOAD c:/st/stm32cubeide_1.7.0/stm32cubeide/plugins/com.st.stm32cube.ide.mcu.externaltools.gnu-tools-for-stm32.9-2020-q2-update.win32_2.0.0.202105311346/tools/bin/../lib/gcc/arm-none-eabi/9.3.1/thumb/v7e-m+fp/hard/crti.o
LOAD c:/st/stm32cubeide_1.7.0/stm32cubeide/plugins/com.st.stm32cube.ide.mcu.externaltools.gnu-tools-for-stm32.9-2020-q2-update.win32_2.0.0.202105311346/tools/bin/../lib/gcc/arm-none-eabi/9.3.1/thumb/v7e-m+fp/hard/crtbegin.o
LOAD c:/st/stm32cubeide_1.7.0/stm32cubeide/plugins/com.st.stm32cube.ide.mcu.externaltools.gnu-tools-for-stm32.9-2020-q2-update.win32_2.0.0.202105311346/tools/bin/../lib/gcc/arm-none-eabi/9.3.1/../../../../arm-none-eabi/lib/thumb/v7e-m+fp/hard/crt0.o
LOAD ./Core/Src/dma.o
LOAD ./Core/Src/gpio.o
LOAD ./Core/Src/main.o
LOAD ./Core/Src/stm32f3xx_it.o
LOAD ./Core/Src/syscalls.o
LOAD ./Core/Src/sysmem.o
LOAD ./Core/Src/system_stm32f3xx.o
LOAD ./Core/Src/tim.o
LOAD ./Core/Src/usart.o
LOAD ./Core/Startup/startup_stm32f303k8tx.o
LOAD ./Drivers/STM32F3xx_HAL_Driver/Src/stm32f3xx_ll_dma.o
LOAD ./Drivers/STM32F3xx_HAL_Driver/Src/stm32f3xx_ll_exti.o
LOAD ./Drivers/STM32F3xx_HAL_Driver/Src/stm32f3xx_ll_gpio.o
LOAD ./Drivers/STM32F3xx_HAL_Driver/Src/stm32f3xx_ll_rcc.o
LOAD ./Drivers/STM32F3xx_HAL_Driver/Src/stm32f3xx_ll_tim.o
LOAD ./Drivers/STM32F3xx_HAL_Driver/Src/stm32f3xx_ll_usart.o
LOAD ./Drivers/STM32F3xx_HAL_Driver/Src/stm32f3xx_ll_utils.o
START GROUP
LOAD c:/st/stm32cubeide_1.7.0/stm32cubeide/plugins/com.st.stm32cube.ide.mcu.externaltools.gnu-tools-for-stm32.9-2020-q2-update.win32_2.0.0.202105311346/tools/bin/../lib/gcc/arm-none-eabi/9.3.1/../../../../arm-none-eabi/lib/thumb/v7e-m+fp/hard\libc_nano.a
LOAD c:/st/stm32cubeide_1.7.0/stm32cubeide/plugins/com.st.stm32cube.ide.mcu.externaltools.gnu-tools-for-stm32.9-2020-q2-update.win32_2.0.0.202105311346/tools/bin/../lib/gcc/arm-none-eabi/9.3.1/../../../../arm-none-eabi/lib/thumb/v7e-m+fp/hard\libm.a
END GROUP
START GROUP
LOAD c:/st/stm32cubeide_1.7.0/stm32cubeide/plugins/com.st.stm32cube.ide.mcu.externaltools.gnu-tools-for-stm32.9-2020-q2-update.win32_2.0.0.202105311346/tools/bin/../lib/gcc/arm-none-eabi/9.3.1/thumb/v7e-m+fp/hard\libgcc.a
LOAD c:/st/stm32cubeide_1.7.0/stm32cubeide/plugins/com.st.stm32cube.ide.mcu.externaltools.gnu-tools-for-stm32.9-2020-q2-update.win32_2.0.0.202105311346/tools/bin/../lib/gcc/arm-none-eabi/9.3.1/../../../../arm-none-eabi/lib/thumb/v7e-m+fp/hard\libc_nano.a
END GROUP
START GROUP
LOAD c:/st/stm32cubeide_1.7.0/stm32cubeide/plugins/com.st.stm32cube.ide.mcu.externaltools.gnu-tools-for-stm32.9-2020-q2-update.win32_2.0.0.202105311346/tools/bin/../lib/gcc/arm-none-eabi/9.3.1/thumb/v7e-m+fp/hard\libgcc.a
LOAD c:/st/stm32cubeide_1.7.0/stm32cubeide/plugins/com.st.stm32cube.ide.mcu.externaltools.gnu-tools-for-stm32.9-2020-q2-update.win32_2.0.0.202105311346/tools/bin/../lib/gcc/arm-none-eabi/9.3.1/../../../../arm-none-eabi/lib/thumb/v7e-m+fp/hard\libc_nano.a
LOAD c:/st/stm32cubeide_1.7.0/stm32cubeide/plugins/com.st.stm32cube.ide.mcu.externaltools.gnu-tools-for-stm32.9-2020-q2-update.win32_2.0.0.202105311346/tools/bin/../lib/gcc/arm-none-eabi/9.3.1/../../../../arm-none-eabi/lib/thumb/v7e-m+fp/hard\libnosys.a
END GROUP
START GROUP
LOAD c:/st/stm32cubeide_1.7.0/stm32cubeide/plugins/com.st.stm32cube.ide.mcu.externaltools.gnu-tools-for-stm32.9-2020-q2-update.win32_2.0.0.202105311346/tools/bin/../lib/gcc/arm-none-eabi/9.3.1/thumb/v7e-m+fp/hard\libgcc.a
LOAD c:/st/stm32cubeide_1.7.0/stm32cubeide/plugins/com.st.stm32cube.ide.mcu.externaltools.gnu-tools-for-stm32.9-2020-q2-update.win32_2.0.0.202105311346/tools/bin/../lib/gcc/arm-none-eabi/9.3.1/../../../../arm-none-eabi/lib/thumb/v7e-m+fp/hard\libc_nano.a
LOAD c:/st/stm32cubeide_1.7.0/stm32cubeide/plugins/com.st.stm32cube.ide.mcu.externaltools.gnu-tools-for-stm32.9-2020-q2-update.win32_2.0.0.202105311346/tools/bin/../lib/gcc/arm-none-eabi/9.3.1/../../../../arm-none-eabi/lib/thumb/v7e-m+fp/hard\libnosys.a
END GROUP
LOAD c:/st/stm32cubeide_1.7.0/stm32cubeide/plugins/com.st.stm32cube.ide.mcu.externaltools.gnu-tools-for-stm32.9-2020-q2-update.win32_2.0.0.202105311346/tools/bin/../lib/gcc/arm-none-eabi/9.3.1/thumb/v7e-m+fp/hard/crtend.o
LOAD c:/st/stm32cubeide_1.7.0/stm32cubeide/plugins/com.st.stm32cube.ide.mcu.externaltools.gnu-tools-for-stm32.9-2020-q2-update.win32_2.0.0.202105311346/tools/bin/../lib/gcc/arm-none-eabi/9.3.1/thumb/v7e-m+fp/hard/crtn.o
                0x0000000020003000                _estack = (ORIGIN (RAM) + LENGTH (RAM))
                0x0000000000000200                _Min_Heap_Size = 0x200
                0x0000000000000400                _Min_Stack_Size = 0x400

.isr_vector     0x0000000008000000      0x188
                0x0000000008000000                . = ALIGN (0x4)
 *(.isr_vector)
 .isr_vector    0x0000000008000000      0x188 ./Core/Startup/startup_stm32f303k8tx.o
                0x0000000008000000                g_pfnVectors
                0x0000000008000188                . = ALIGN (0x4)

.text           0x0000000008000188     0x2b68
                0x0000000008000188                . = ALIGN (0x4)
 *(.text)
 .text          0x0000000008000188       0x40 c:/st/stm32cubeide_1.7.0/stm32cubeide/plugins/com.st.stm32cube.ide.mcu.externaltools.gnu-tools-for-stm32.9-2020-q2-update.win32_2.0.0.202105311346/tools/bin/../lib/gcc/arm-none-eabi/9.3.1/thumb/v7e-m+fp/hard/crtbegin.o
 .text          0x00000000080001c8       0x14 c:/st/stm32cubeide_1.7.0/stm32cubeide/plugins/com.st.stm32cube.ide.mcu.externaltools.gnu-tools-for-stm32.9-2020-q2-update.win32_2.0.0.202105311346/tools/bin/../lib/gcc/arm-none-eabi/9.3.1/../../../../arm-none-eabi/lib/thumb/v7e-m+fp/hard\libc_nano.a(lib_a-strcmp.o)
                0x00000000080001c8                strcmp
 *(.text*)
 .text.__NVIC_GetPriorityGrouping
                0x00000000080001dc       0x1c ./Core/Src/dma.o
 .text.__NVIC_EnableIRQ
                0x00000000080001f8       0x3c ./Core/Src/dma.o
 .text.__NVIC_SetPriority
                0x0000000008000234       0x54 ./Core/Src/dma.o
 .text.NVIC_EncodePriority
                0x0000000008000288       0x66 ./Core/Src/dma.o
 *fill*         0x00000000080002ee        0x2 
 .text.LL_AHB1_GRP1_EnableClock
                0x00000000080002f0       0x30 ./Core/Src/dma.o
 .text.MX_DMA_Init
                0x0000000008000320       0x4e ./Core/Src/dma.o
                0x0000000008000320                MX_DMA_Init
 *fill*         0x000000000800036e        0x2 
 .text.LL_AHB1_GRP1_EnableClock
                0x0000000008000370       0x30 ./Core/Src/gpio.o
 .text.MX_GPIO_Init
                0x00000000080003a0       0x10 ./Core/Src/gpio.o
                0x00000000080003a0                MX_GPIO_Init
 .text.__NVIC_SetPriorityGrouping
                0x00000000080003b0       0x48 ./Core/Src/main.o
 .text.__NVIC_GetPriorityGrouping
                0x00000000080003f8       0x1c ./Core/Src/main.o
 .text.__NVIC_SetPriority
                0x0000000008000414       0x54 ./Core/Src/main.o
 .text.NVIC_EncodePriority
                0x0000000008000468       0x66 ./Core/Src/main.o
 *fill*         0x00000000080004ce        0x2 
 .text.LL_RCC_HSI_Enable
                0x00000000080004d0       0x20 ./Core/Src/main.o
 .text.LL_RCC_HSI_IsReady
                0x00000000080004f0       0x24 ./Core/Src/main.o
 .text.LL_RCC_HSI_SetCalibTrimming
                0x0000000008000514       0x2c ./Core/Src/main.o
 .text.LL_RCC_SetSysClkSource
                0x0000000008000540       0x28 ./Core/Src/main.o
 .text.LL_RCC_GetSysClkSource
                0x0000000008000568       0x1c ./Core/Src/main.o
 .text.LL_RCC_SetAHBPrescaler
                0x0000000008000584       0x28 ./Core/Src/main.o
 .text.LL_RCC_SetAPB1Prescaler
                0x00000000080005ac       0x28 ./Core/Src/main.o
 .text.LL_RCC_SetAPB2Prescaler
                0x00000000080005d4       0x28 ./Core/Src/main.o
 .text.LL_APB1_GRP1_EnableClock
                0x00000000080005fc       0x30 ./Core/Src/main.o
 .text.LL_APB2_GRP1_EnableClock
                0x000000000800062c       0x30 ./Core/Src/main.o
 .text.LL_FLASH_SetLatency
                0x000000000800065c       0x28 ./Core/Src/main.o
 .text.LL_FLASH_GetLatency
                0x0000000008000684       0x1c ./Core/Src/main.o
 .text.LL_TIM_EnableCounter
                0x00000000080006a0       0x20 ./Core/Src/main.o
 .text.LL_TIM_CC_EnableChannel
                0x00000000080006c0       0x22 ./Core/Src/main.o
 .text.LL_TIM_ClearFlag_CC2
                0x00000000080006e2       0x1c ./Core/Src/main.o
 .text.LL_TIM_IsActiveFlag_CC2
                0x00000000080006fe       0x26 ./Core/Src/main.o
 .text.LL_TIM_EnableIT_CC2
                0x0000000008000724       0x20 ./Core/Src/main.o
 .text.main     0x0000000008000744       0x78 ./Core/Src/main.o
                0x0000000008000744                main
 .text.SystemClock_Config
                0x00000000080007bc       0x64 ./Core/Src/main.o
                0x00000000080007bc                SystemClock_Config
 .text.setDutyCycle
                0x0000000008000820       0x34 ./Core/Src/main.o
                0x0000000008000820                setDutyCycle
 .text.TIM2_IRQHandler
                0x0000000008000854       0xec ./Core/Src/main.o
                0x0000000008000854                TIM2_IRQHandler
 .text.proccesDmaData
                0x0000000008000940      0x11c ./Core/Src/main.o
                0x0000000008000940                proccesDmaData
 .text.LL_DMA_DisableChannel
                0x0000000008000a5c       0x40 ./Core/Src/stm32f3xx_it.o
 .text.LL_DMA_IsActiveFlag_TC6
                0x0000000008000a9c       0x28 ./Core/Src/stm32f3xx_it.o
 .text.LL_DMA_IsActiveFlag_TC7
                0x0000000008000ac4       0x28 ./Core/Src/stm32f3xx_it.o
 .text.LL_DMA_IsActiveFlag_HT6
                0x0000000008000aec       0x28 ./Core/Src/stm32f3xx_it.o
 .text.LL_DMA_ClearFlag_TC6
                0x0000000008000b14       0x1c ./Core/Src/stm32f3xx_it.o
 .text.LL_DMA_ClearFlag_TC7
                0x0000000008000b30       0x1c ./Core/Src/stm32f3xx_it.o
 .text.LL_DMA_ClearFlag_HT6
                0x0000000008000b4c       0x1c ./Core/Src/stm32f3xx_it.o
 .text.LL_USART_IsActiveFlag_IDLE
                0x0000000008000b68       0x26 ./Core/Src/stm32f3xx_it.o
 .text.LL_USART_IsActiveFlag_TC
                0x0000000008000b8e       0x26 ./Core/Src/stm32f3xx_it.o
 .text.LL_USART_ClearFlag_IDLE
                0x0000000008000bb4       0x1a ./Core/Src/stm32f3xx_it.o
 .text.NMI_Handler
                0x0000000008000bce        0x6 ./Core/Src/stm32f3xx_it.o
                0x0000000008000bce                NMI_Handler
 .text.HardFault_Handler
                0x0000000008000bd4        0x6 ./Core/Src/stm32f3xx_it.o
                0x0000000008000bd4                HardFault_Handler
 .text.MemManage_Handler
                0x0000000008000bda        0x6 ./Core/Src/stm32f3xx_it.o
                0x0000000008000bda                MemManage_Handler
 .text.BusFault_Handler
                0x0000000008000be0        0x6 ./Core/Src/stm32f3xx_it.o
                0x0000000008000be0                BusFault_Handler
 .text.UsageFault_Handler
                0x0000000008000be6        0x6 ./Core/Src/stm32f3xx_it.o
                0x0000000008000be6                UsageFault_Handler
 .text.SVC_Handler
                0x0000000008000bec        0xe ./Core/Src/stm32f3xx_it.o
                0x0000000008000bec                SVC_Handler
 .text.DebugMon_Handler
                0x0000000008000bfa        0xe ./Core/Src/stm32f3xx_it.o
                0x0000000008000bfa                DebugMon_Handler
 .text.PendSV_Handler
                0x0000000008000c08        0xe ./Core/Src/stm32f3xx_it.o
                0x0000000008000c08                PendSV_Handler
 .text.SysTick_Handler
                0x0000000008000c16        0xe ./Core/Src/stm32f3xx_it.o
                0x0000000008000c16                SysTick_Handler
 .text.DMA1_Channel6_IRQHandler
                0x0000000008000c24       0x3c ./Core/Src/stm32f3xx_it.o
                0x0000000008000c24                DMA1_Channel6_IRQHandler
 .text.DMA1_Channel7_IRQHandler
                0x0000000008000c60       0x38 ./Core/Src/stm32f3xx_it.o
                0x0000000008000c60                DMA1_Channel7_IRQHandler
 .text.USART2_IRQHandler
                0x0000000008000c98       0x24 ./Core/Src/stm32f3xx_it.o
                0x0000000008000c98                USART2_IRQHandler
 .text.SystemInit
                0x0000000008000cbc       0x24 ./Core/Src/system_stm32f3xx.o
                0x0000000008000cbc                SystemInit
 .text.__NVIC_GetPriorityGrouping
                0x0000000008000ce0       0x1c ./Core/Src/tim.o
 .text.__NVIC_EnableIRQ
                0x0000000008000cfc       0x3c ./Core/Src/tim.o
 .text.__NVIC_SetPriority
                0x0000000008000d38       0x54 ./Core/Src/tim.o
 .text.NVIC_EncodePriority
                0x0000000008000d8c       0x66 ./Core/Src/tim.o
 *fill*         0x0000000008000df2        0x2 
 .text.LL_AHB1_GRP1_EnableClock
                0x0000000008000df4       0x30 ./Core/Src/tim.o
 .text.LL_APB1_GRP1_EnableClock
                0x0000000008000e24       0x30 ./Core/Src/tim.o
 .text.LL_TIM_DisableARRPreload
                0x0000000008000e54       0x20 ./Core/Src/tim.o
 .text.LL_TIM_OC_DisableFast
                0x0000000008000e74       0xa4 ./Core/Src/tim.o
 .text.LL_TIM_OC_EnablePreload
                0x0000000008000f18       0xa0 ./Core/Src/tim.o
 .text.LL_TIM_SetClockSource
                0x0000000008000fb8       0x2a ./Core/Src/tim.o
 .text.LL_TIM_SetTriggerOutput
                0x0000000008000fe2       0x26 ./Core/Src/tim.o
 .text.LL_TIM_DisableMasterSlaveMode
                0x0000000008001008       0x20 ./Core/Src/tim.o
 .text.MX_TIM2_Init
                0x0000000008001028      0x128 ./Core/Src/tim.o
                0x0000000008001028                MX_TIM2_Init
 .text.__NVIC_GetPriorityGrouping
                0x0000000008001150       0x1c ./Core/Src/usart.o
 .text.__NVIC_EnableIRQ
                0x000000000800116c       0x3c ./Core/Src/usart.o
 .text.__NVIC_SetPriority
                0x00000000080011a8       0x54 ./Core/Src/usart.o
 .text.NVIC_EncodePriority
                0x00000000080011fc       0x66 ./Core/Src/usart.o
 *fill*         0x0000000008001262        0x2 
 .text.LL_DMA_EnableChannel
                0x0000000008001264       0x40 ./Core/Src/usart.o
 .text.LL_DMA_DisableChannel
                0x00000000080012a4       0x40 ./Core/Src/usart.o
 .text.LL_DMA_SetDataTransferDirection
                0x00000000080012e4       0x4c ./Core/Src/usart.o
 .text.LL_DMA_GetDataTransferDirection
                0x0000000008001330       0x30 ./Core/Src/usart.o
 .text.LL_DMA_SetMode
                0x0000000008001360       0x48 ./Core/Src/usart.o
 .text.LL_DMA_SetPeriphIncMode
                0x00000000080013a8       0x48 ./Core/Src/usart.o
 .text.LL_DMA_SetMemoryIncMode
                0x00000000080013f0       0x48 ./Core/Src/usart.o
 .text.LL_DMA_SetPeriphSize
                0x0000000008001438       0x48 ./Core/Src/usart.o
 .text.LL_DMA_SetMemorySize
                0x0000000008001480       0x48 ./Core/Src/usart.o
 .text.LL_DMA_SetChannelPriorityLevel
                0x00000000080014c8       0x48 ./Core/Src/usart.o
 .text.LL_DMA_SetDataLength
                0x0000000008001510       0x48 ./Core/Src/usart.o
 .text.LL_DMA_GetDataLength
                0x0000000008001558       0x2c ./Core/Src/usart.o
 .text.LL_DMA_ConfigAddresses
                0x0000000008001584       0x78 ./Core/Src/usart.o
 .text.LL_DMA_SetPeriphAddress
                0x00000000080015fc       0x30 ./Core/Src/usart.o
 .text.LL_DMA_IsActiveFlag_TC6
                0x000000000800162c       0x28 ./Core/Src/usart.o
 .text.LL_DMA_EnableIT_TC
                0x0000000008001654       0x40 ./Core/Src/usart.o
 .text.LL_DMA_EnableIT_HT
                0x0000000008001694       0x40 ./Core/Src/usart.o
 .text.LL_DMA_EnableIT_TE
                0x00000000080016d4       0x40 ./Core/Src/usart.o
 .text.LL_AHB1_GRP1_EnableClock
                0x0000000008001714       0x30 ./Core/Src/usart.o
 .text.LL_APB1_GRP1_EnableClock
                0x0000000008001744       0x30 ./Core/Src/usart.o
 .text.LL_USART_Enable
                0x0000000008001774       0x20 ./Core/Src/usart.o
 .text.LL_USART_ConfigAsyncMode
                0x0000000008001794       0x2c ./Core/Src/usart.o
 .text.LL_USART_EnableIT_IDLE
                0x00000000080017c0       0x42 ./Core/Src/usart.o
 .text.LL_USART_DisableIT_CTS
                0x0000000008001802       0x46 ./Core/Src/usart.o
 .text.LL_USART_EnableDMAReq_RX
                0x0000000008001848       0x46 ./Core/Src/usart.o
 .text.LL_USART_EnableDMAReq_TX
                0x000000000800188e       0x46 ./Core/Src/usart.o
 .text.LL_USART_DMA_GetRegAddr
                0x00000000080018d4       0x2c ./Core/Src/usart.o
 .text.USART2_RegisterCallback
                0x0000000008001900       0x24 ./Core/Src/usart.o
                0x0000000008001900                USART2_RegisterCallback
 .text.MX_USART2_UART_Init
                0x0000000008001924      0x1d4 ./Core/Src/usart.o
                0x0000000008001924                MX_USART2_UART_Init
 .text.USART2_CheckDmaReception
                0x0000000008001af8       0xbc ./Core/Src/usart.o
                0x0000000008001af8                USART2_CheckDmaReception
 .text.Reset_Handler
                0x0000000008001bb4       0x50 ./Core/Startup/startup_stm32f303k8tx.o
                0x0000000008001bb4                Reset_Handler
 .text.Default_Handler
                0x0000000008001c04        0x2 ./Core/Startup/startup_stm32f303k8tx.o
                0x0000000008001c04                RTC_Alarm_IRQHandler
                0x0000000008001c04                TIM1_CC_IRQHandler
                0x0000000008001c04                PVD_IRQHandler
                0x0000000008001c04                TAMP_STAMP_IRQHandler
                0x0000000008001c04                EXTI3_IRQHandler
                0x0000000008001c04                EXTI0_IRQHandler
                0x0000000008001c04                FPU_IRQHandler
                0x0000000008001c04                CAN_TX_IRQHandler
                0x0000000008001c04                TIM1_UP_TIM16_IRQHandler
                0x0000000008001c04                ADC1_2_IRQHandler
                0x0000000008001c04                SPI1_IRQHandler
                0x0000000008001c04                CAN_SCE_IRQHandler
                0x0000000008001c04                DMA1_Channel4_IRQHandler
                0x0000000008001c04                USART3_IRQHandler
                0x0000000008001c04                TIM7_DAC2_IRQHandler
                0x0000000008001c04                CAN_RX1_IRQHandler
                0x0000000008001c04                I2C1_EV_IRQHandler
                0x0000000008001c04                TIM3_IRQHandler
                0x0000000008001c04                RCC_IRQHandler
                0x0000000008001c04                DMA1_Channel1_IRQHandler
                0x0000000008001c04                Default_Handler
                0x0000000008001c04                EXTI15_10_IRQHandler
                0x0000000008001c04                COMP2_IRQHandler
                0x0000000008001c04                TIM6_DAC1_IRQHandler
                0x0000000008001c04                EXTI9_5_IRQHandler
                0x0000000008001c04                RTC_WKUP_IRQHandler
                0x0000000008001c04                DMA1_Channel5_IRQHandler
                0x0000000008001c04                EXTI4_IRQHandler
                0x0000000008001c04                TIM1_TRG_COM_TIM17_IRQHandler
                0x0000000008001c04                DMA1_Channel3_IRQHandler
                0x0000000008001c04                WWDG_IRQHandler
                0x0000000008001c04                EXTI1_IRQHandler
                0x0000000008001c04                COMP4_6_IRQHandler
                0x0000000008001c04                DMA1_Channel2_IRQHandler
                0x0000000008001c04                FLASH_IRQHandler
                0x0000000008001c04                USART1_IRQHandler
                0x0000000008001c04                CAN_RX0_IRQHandler
                0x0000000008001c04                I2C1_ER_IRQHandler
                0x0000000008001c04                EXTI2_TSC_IRQHandler
                0x0000000008001c04                TIM1_BRK_TIM15_IRQHandler
 .text.LL_GPIO_SetPinMode
                0x0000000008001c06       0x5e ./Drivers/STM32F3xx_HAL_Driver/Src/stm32f3xx_ll_gpio.o
 .text.LL_GPIO_SetPinOutputType
                0x0000000008001c64       0x30 ./Drivers/STM32F3xx_HAL_Driver/Src/stm32f3xx_ll_gpio.o
 .text.LL_GPIO_SetPinSpeed
                0x0000000008001c94       0x5e ./Drivers/STM32F3xx_HAL_Driver/Src/stm32f3xx_ll_gpio.o
 .text.LL_GPIO_SetPinPull
                0x0000000008001cf2       0x5e ./Drivers/STM32F3xx_HAL_Driver/Src/stm32f3xx_ll_gpio.o
 .text.LL_GPIO_SetAFPin_0_7
                0x0000000008001d50       0x5e ./Drivers/STM32F3xx_HAL_Driver/Src/stm32f3xx_ll_gpio.o
 .text.LL_GPIO_SetAFPin_8_15
                0x0000000008001dae       0x62 ./Drivers/STM32F3xx_HAL_Driver/Src/stm32f3xx_ll_gpio.o
 .text.LL_GPIO_Init
                0x0000000008001e10       0xe0 ./Drivers/STM32F3xx_HAL_Driver/Src/stm32f3xx_ll_gpio.o
                0x0000000008001e10                LL_GPIO_Init
 .text.LL_RCC_HSI_IsReady
                0x0000000008001ef0       0x24 ./Drivers/STM32F3xx_HAL_Driver/Src/stm32f3xx_ll_rcc.o
 .text.LL_RCC_LSE_IsReady
                0x0000000008001f14       0x24 ./Drivers/STM32F3xx_HAL_Driver/Src/stm32f3xx_ll_rcc.o
 .text.LL_RCC_GetSysClkSource
                0x0000000008001f38       0x1c ./Drivers/STM32F3xx_HAL_Driver/Src/stm32f3xx_ll_rcc.o
 .text.LL_RCC_GetAHBPrescaler
                0x0000000008001f54       0x1c ./Drivers/STM32F3xx_HAL_Driver/Src/stm32f3xx_ll_rcc.o
 .text.LL_RCC_GetAPB1Prescaler
                0x0000000008001f70       0x1c ./Drivers/STM32F3xx_HAL_Driver/Src/stm32f3xx_ll_rcc.o
 .text.LL_RCC_GetAPB2Prescaler
                0x0000000008001f8c       0x1c ./Drivers/STM32F3xx_HAL_Driver/Src/stm32f3xx_ll_rcc.o
 .text.LL_RCC_GetUSARTClockSource
                0x0000000008001fa8       0x2c ./Drivers/STM32F3xx_HAL_Driver/Src/stm32f3xx_ll_rcc.o
 .text.LL_RCC_PLL_GetMainSource
                0x0000000008001fd4       0x1c ./Drivers/STM32F3xx_HAL_Driver/Src/stm32f3xx_ll_rcc.o
 .text.LL_RCC_PLL_GetMultiplicator
                0x0000000008001ff0       0x1c ./Drivers/STM32F3xx_HAL_Driver/Src/stm32f3xx_ll_rcc.o
 .text.LL_RCC_PLL_GetPrediv
                0x000000000800200c       0x1c ./Drivers/STM32F3xx_HAL_Driver/Src/stm32f3xx_ll_rcc.o
 .text.LL_RCC_GetSystemClocksFreq
                0x0000000008002028       0x4a ./Drivers/STM32F3xx_HAL_Driver/Src/stm32f3xx_ll_rcc.o
                0x0000000008002028                LL_RCC_GetSystemClocksFreq
 *fill*         0x0000000008002072        0x2 
 .text.LL_RCC_GetUSARTClockFreq
                0x0000000008002074       0x88 ./Drivers/STM32F3xx_HAL_Driver/Src/stm32f3xx_ll_rcc.o
                0x0000000008002074                LL_RCC_GetUSARTClockFreq
 .text.RCC_GetSystemClockFreq
                0x00000000080020fc       0x4c ./Drivers/STM32F3xx_HAL_Driver/Src/stm32f3xx_ll_rcc.o
                0x00000000080020fc                RCC_GetSystemClockFreq
 .text.RCC_GetHCLKClockFreq
                0x0000000008002148       0x2c ./Drivers/STM32F3xx_HAL_Driver/Src/stm32f3xx_ll_rcc.o
                0x0000000008002148                RCC_GetHCLKClockFreq
 .text.RCC_GetPCLK1ClockFreq
                0x0000000008002174       0x28 ./Drivers/STM32F3xx_HAL_Driver/Src/stm32f3xx_ll_rcc.o
                0x0000000008002174                RCC_GetPCLK1ClockFreq
 .text.RCC_GetPCLK2ClockFreq
                0x000000000800219c       0x28 ./Drivers/STM32F3xx_HAL_Driver/Src/stm32f3xx_ll_rcc.o
                0x000000000800219c                RCC_GetPCLK2ClockFreq
 .text.RCC_PLL_GetFreqDomain_SYS
                0x00000000080021c4       0x7c ./Drivers/STM32F3xx_HAL_Driver/Src/stm32f3xx_ll_rcc.o
                0x00000000080021c4                RCC_PLL_GetFreqDomain_SYS
 .text.LL_TIM_SetPrescaler
                0x0000000008002240       0x1c ./Drivers/STM32F3xx_HAL_Driver/Src/stm32f3xx_ll_tim.o
 .text.LL_TIM_SetAutoReload
                0x000000000800225c       0x1c ./Drivers/STM32F3xx_HAL_Driver/Src/stm32f3xx_ll_tim.o
 .text.LL_TIM_SetRepetitionCounter
                0x0000000008002278       0x1c ./Drivers/STM32F3xx_HAL_Driver/Src/stm32f3xx_ll_tim.o
 .text.LL_TIM_OC_SetCompareCH1
                0x0000000008002294       0x1c ./Drivers/STM32F3xx_HAL_Driver/Src/stm32f3xx_ll_tim.o
 .text.LL_TIM_OC_SetCompareCH2
                0x00000000080022b0       0x1c ./Drivers/STM32F3xx_HAL_Driver/Src/stm32f3xx_ll_tim.o
 .text.LL_TIM_OC_SetCompareCH3
                0x00000000080022cc       0x1c ./Drivers/STM32F3xx_HAL_Driver/Src/stm32f3xx_ll_tim.o
 .text.LL_TIM_OC_SetCompareCH4
                0x00000000080022e8       0x1c ./Drivers/STM32F3xx_HAL_Driver/Src/stm32f3xx_ll_tim.o
 .text.LL_TIM_OC_SetCompareCH5
                0x0000000008002304       0x20 ./Drivers/STM32F3xx_HAL_Driver/Src/stm32f3xx_ll_tim.o
 .text.LL_TIM_OC_SetCompareCH6
                0x0000000008002324       0x1c ./Drivers/STM32F3xx_HAL_Driver/Src/stm32f3xx_ll_tim.o
 .text.LL_TIM_GenerateEvent_UPDATE
                0x0000000008002340       0x20 ./Drivers/STM32F3xx_HAL_Driver/Src/stm32f3xx_ll_tim.o
 .text.LL_TIM_Init
                0x0000000008002360       0xe4 ./Drivers/STM32F3xx_HAL_Driver/Src/stm32f3xx_ll_tim.o
                0x0000000008002360                LL_TIM_Init
 .text.LL_TIM_OC_Init
                0x0000000008002444       0xbe ./Drivers/STM32F3xx_HAL_Driver/Src/stm32f3xx_ll_tim.o
                0x0000000008002444                LL_TIM_OC_Init
 *fill*         0x0000000008002502        0x2 
 .text.OC1Config
                0x0000000008002504       0xf4 ./Drivers/STM32F3xx_HAL_Driver/Src/stm32f3xx_ll_tim.o
 .text.OC2Config
                0x00000000080025f8       0xfc ./Drivers/STM32F3xx_HAL_Driver/Src/stm32f3xx_ll_tim.o
 .text.OC3Config
                0x00000000080026f4       0xfc ./Drivers/STM32F3xx_HAL_Driver/Src/stm32f3xx_ll_tim.o
 .text.OC4Config
                0x00000000080027f0       0xcc ./Drivers/STM32F3xx_HAL_Driver/Src/stm32f3xx_ll_tim.o
 .text.OC5Config
                0x00000000080028bc       0xbc ./Drivers/STM32F3xx_HAL_Driver/Src/stm32f3xx_ll_tim.o
 .text.OC6Config
                0x0000000008002978       0xbc ./Drivers/STM32F3xx_HAL_Driver/Src/stm32f3xx_ll_tim.o
 .text.LL_USART_IsEnabled
                0x0000000008002a34       0x26 ./Drivers/STM32F3xx_HAL_Driver/Src/stm32f3xx_ll_usart.o
 .text.LL_USART_SetStopBitsLength
                0x0000000008002a5a       0x26 ./Drivers/STM32F3xx_HAL_Driver/Src/stm32f3xx_ll_usart.o
 .text.LL_USART_SetHWFlowCtrl
                0x0000000008002a80       0x26 ./Drivers/STM32F3xx_HAL_Driver/Src/stm32f3xx_ll_usart.o
 .text.LL_USART_SetBaudRate
                0x0000000008002aa6       0x6e ./Drivers/STM32F3xx_HAL_Driver/Src/stm32f3xx_ll_usart.o
 .text.LL_USART_Init
                0x0000000008002b14       0xd8 ./Drivers/STM32F3xx_HAL_Driver/Src/stm32f3xx_ll_usart.o
                0x0000000008002b14                LL_USART_Init
 .text.LL_InitTick
                0x0000000008002bec       0x34 ./Drivers/STM32F3xx_HAL_Driver/Src/stm32f3xx_ll_utils.o
 .text.LL_Init1msTick
                0x0000000008002c20       0x1a ./Drivers/STM32F3xx_HAL_Driver/Src/stm32f3xx_ll_utils.o
                0x0000000008002c20                LL_Init1msTick
 *fill*         0x0000000008002c3a        0x2 
 .text.LL_SetSystemCoreClock
                0x0000000008002c3c       0x20 ./Drivers/STM32F3xx_HAL_Driver/Src/stm32f3xx_ll_utils.o
                0x0000000008002c3c                LL_SetSystemCoreClock
 .text.__libc_init_array
                0x0000000008002c5c       0x48 c:/st/stm32cubeide_1.7.0/stm32cubeide/plugins/com.st.stm32cube.ide.mcu.externaltools.gnu-tools-for-stm32.9-2020-q2-update.win32_2.0.0.202105311346/tools/bin/../lib/gcc/arm-none-eabi/9.3.1/../../../../arm-none-eabi/lib/thumb/v7e-m+fp/hard\libc_nano.a(lib_a-init.o)
                0x0000000008002c5c                __libc_init_array
 .text.memset   0x0000000008002ca4       0x10 c:/st/stm32cubeide_1.7.0/stm32cubeide/plugins/com.st.stm32cube.ide.mcu.externaltools.gnu-tools-for-stm32.9-2020-q2-update.win32_2.0.0.202105311346/tools/bin/../lib/gcc/arm-none-eabi/9.3.1/../../../../arm-none-eabi/lib/thumb/v7e-m+fp/hard\libc_nano.a(lib_a-memset.o)
                0x0000000008002ca4                memset
 .text.strncmp  0x0000000008002cb4       0x24 c:/st/stm32cubeide_1.7.0/stm32cubeide/plugins/com.st.stm32cube.ide.mcu.externaltools.gnu-tools-for-stm32.9-2020-q2-update.win32_2.0.0.202105311346/tools/bin/../lib/gcc/arm-none-eabi/9.3.1/../../../../arm-none-eabi/lib/thumb/v7e-m+fp/hard\libc_nano.a(lib_a-strncmp.o)
                0x0000000008002cb4                strncmp
 *(.glue_7)
 .glue_7        0x0000000008002cd8        0x0 linker stubs
 *(.glue_7t)
 .glue_7t       0x0000000008002cd8        0x0 linker stubs
 *(.eh_frame)
 .eh_frame      0x0000000008002cd8        0x0 c:/st/stm32cubeide_1.7.0/stm32cubeide/plugins/com.st.stm32cube.ide.mcu.externaltools.gnu-tools-for-stm32.9-2020-q2-update.win32_2.0.0.202105311346/tools/bin/../lib/gcc/arm-none-eabi/9.3.1/thumb/v7e-m+fp/hard/crtbegin.o
 *(.init)
 .init          0x0000000008002cd8        0x4 c:/st/stm32cubeide_1.7.0/stm32cubeide/plugins/com.st.stm32cube.ide.mcu.externaltools.gnu-tools-for-stm32.9-2020-q2-update.win32_2.0.0.202105311346/tools/bin/../lib/gcc/arm-none-eabi/9.3.1/thumb/v7e-m+fp/hard/crti.o
                0x0000000008002cd8                _init
 .init          0x0000000008002cdc        0x8 c:/st/stm32cubeide_1.7.0/stm32cubeide/plugins/com.st.stm32cube.ide.mcu.externaltools.gnu-tools-for-stm32.9-2020-q2-update.win32_2.0.0.202105311346/tools/bin/../lib/gcc/arm-none-eabi/9.3.1/thumb/v7e-m+fp/hard/crtn.o
 *(.fini)
 .fini          0x0000000008002ce4        0x4 c:/st/stm32cubeide_1.7.0/stm32cubeide/plugins/com.st.stm32cube.ide.mcu.externaltools.gnu-tools-for-stm32.9-2020-q2-update.win32_2.0.0.202105311346/tools/bin/../lib/gcc/arm-none-eabi/9.3.1/thumb/v7e-m+fp/hard/crti.o
                0x0000000008002ce4                _fini
 .fini          0x0000000008002ce8        0x8 c:/st/stm32cubeide_1.7.0/stm32cubeide/plugins/com.st.stm32cube.ide.mcu.externaltools.gnu-tools-for-stm32.9-2020-q2-update.win32_2.0.0.202105311346/tools/bin/../lib/gcc/arm-none-eabi/9.3.1/thumb/v7e-m+fp/hard/crtn.o
                0x0000000008002cf0                . = ALIGN (0x4)
                0x0000000008002cf0                _etext = .

.vfp11_veneer   0x0000000008002cf0        0x0
 .vfp11_veneer  0x0000000008002cf0        0x0 linker stubs

.v4_bx          0x0000000008002cf0        0x0
 .v4_bx         0x0000000008002cf0        0x0 linker stubs

.iplt           0x0000000008002cf0        0x0
 .iplt          0x0000000008002cf0        0x0 c:/st/stm32cubeide_1.7.0/stm32cubeide/plugins/com.st.stm32cube.ide.mcu.externaltools.gnu-tools-for-stm32.9-2020-q2-update.win32_2.0.0.202105311346/tools/bin/../lib/gcc/arm-none-eabi/9.3.1/thumb/v7e-m+fp/hard/crtbegin.o

.rodata         0x0000000008002cf0       0x5c
                0x0000000008002cf0                . = ALIGN (0x4)
 *(.rodata)
 .rodata        0x0000000008002cf0       0x19 ./Core/Src/main.o
 *(.rodata*)
 *fill*         0x0000000008002d09        0x3 
 .rodata.CHANNEL_OFFSET_TAB
                0x0000000008002d0c        0x7 ./Core/Src/stm32f3xx_it.o
 *fill*         0x0000000008002d13        0x1 
 .rodata.AHBPrescTable
                0x0000000008002d14       0x10 ./Core/Src/system_stm32f3xx.o
                0x0000000008002d14                AHBPrescTable
 .rodata.APBPrescTable
                0x0000000008002d24        0x8 ./Core/Src/system_stm32f3xx.o
                0x0000000008002d24                APBPrescTable
 .rodata.OFFSET_TAB_CCMRx
                0x0000000008002d2c        0x9 ./Core/Src/tim.o
 *fill*         0x0000000008002d35        0x3 
 .rodata.SHIFT_TAB_OCxx
                0x0000000008002d38        0x9 ./Core/Src/tim.o
 *fill*         0x0000000008002d41        0x3 
 .rodata.CHANNEL_OFFSET_TAB
                0x0000000008002d44        0x7 ./Core/Src/usart.o
                0x0000000008002d4c                . = ALIGN (0x4)
 *fill*         0x0000000008002d4b        0x1 

.rel.dyn        0x0000000008002d4c        0x0
 .rel.iplt      0x0000000008002d4c        0x0 c:/st/stm32cubeide_1.7.0/stm32cubeide/plugins/com.st.stm32cube.ide.mcu.externaltools.gnu-tools-for-stm32.9-2020-q2-update.win32_2.0.0.202105311346/tools/bin/../lib/gcc/arm-none-eabi/9.3.1/thumb/v7e-m+fp/hard/crtbegin.o

.ARM.extab      0x0000000008002d4c        0x0
                0x0000000008002d4c                . = ALIGN (0x4)
 *(.ARM.extab* .gnu.linkonce.armextab.*)
                0x0000000008002d4c                . = ALIGN (0x4)

.ARM            0x0000000008002d4c        0x0
                0x0000000008002d4c                . = ALIGN (0x4)
                0x0000000008002d4c                __exidx_start = .
 *(.ARM.exidx*)
                0x0000000008002d4c                __exidx_end = .
                0x0000000008002d4c                . = ALIGN (0x4)

.preinit_array  0x0000000008002d4c        0x0
                0x0000000008002d4c                . = ALIGN (0x4)
                0x0000000008002d4c                PROVIDE (__preinit_array_start = .)
 *(.preinit_array*)
                0x0000000008002d4c                PROVIDE (__preinit_array_end = .)
                0x0000000008002d4c                . = ALIGN (0x4)

.init_array     0x0000000008002d4c        0x4
                0x0000000008002d4c                . = ALIGN (0x4)
                0x0000000008002d4c                PROVIDE (__init_array_start = .)
 *(SORT_BY_NAME(.init_array.*))
 *(.init_array*)
 .init_array    0x0000000008002d4c        0x4 c:/st/stm32cubeide_1.7.0/stm32cubeide/plugins/com.st.stm32cube.ide.mcu.externaltools.gnu-tools-for-stm32.9-2020-q2-update.win32_2.0.0.202105311346/tools/bin/../lib/gcc/arm-none-eabi/9.3.1/thumb/v7e-m+fp/hard/crtbegin.o
                0x0000000008002d50                PROVIDE (__init_array_end = .)
                0x0000000008002d50                . = ALIGN (0x4)

.fini_array     0x0000000008002d50        0x4
                0x0000000008002d50                . = ALIGN (0x4)
                [!provide]                        PROVIDE (__fini_array_start = .)
 *(SORT_BY_NAME(.fini_array.*))
 *(.fini_array*)
 .fini_array    0x0000000008002d50        0x4 c:/st/stm32cubeide_1.7.0/stm32cubeide/plugins/com.st.stm32cube.ide.mcu.externaltools.gnu-tools-for-stm32.9-2020-q2-update.win32_2.0.0.202105311346/tools/bin/../lib/gcc/arm-none-eabi/9.3.1/thumb/v7e-m+fp/hard/crtbegin.o
                [!provide]                        PROVIDE (__fini_array_end = .)
                0x0000000008002d54                . = ALIGN (0x4)
                0x0000000008002d54                _sidata = LOADADDR (.data)

.data           0x0000000020000000        0xc load address 0x0000000008002d54
                0x0000000020000000                . = ALIGN (0x4)
                0x0000000020000000                _sdata = .
 *(.data)
 *(.data*)
 .data.pwm      0x0000000020000000        0x4 ./Core/Src/main.o
                0x0000000020000000                pwm
 .data.mode     0x0000000020000004        0x1 ./Core/Src/main.o
                0x0000000020000004                mode
 .data.change   0x0000000020000005        0x1 ./Core/Src/main.o
                0x0000000020000005                change
 *fill*         0x0000000020000006        0x2 
 .data.SystemCoreClock
                0x0000000020000008        0x4 ./Core/Src/system_stm32f3xx.o
                0x0000000020000008                SystemCoreClock
 *(.RamFunc)
 *(.RamFunc*)
                0x000000002000000c                . = ALIGN (0x4)
                0x000000002000000c                _edata = .
                0x0000000008002d60                _siccmram = LOADADDR (.ccmram)

.igot.plt       0x000000002000000c        0x0 load address 0x0000000008002d60
 .igot.plt      0x000000002000000c        0x0 c:/st/stm32cubeide_1.7.0/stm32cubeide/plugins/com.st.stm32cube.ide.mcu.externaltools.gnu-tools-for-stm32.9-2020-q2-update.win32_2.0.0.202105311346/tools/bin/../lib/gcc/arm-none-eabi/9.3.1/thumb/v7e-m+fp/hard/crtbegin.o

.ccmram         0x0000000010000000        0x0 load address 0x0000000008002d60
                0x0000000010000000                . = ALIGN (0x4)
                0x0000000010000000                _sccmram = .
 *(.ccmram)
 *(.ccmram*)
                0x0000000010000000                . = ALIGN (0x4)
                0x0000000010000000                _eccmram = .
                0x0000000010000000                . = ALIGN (0x4)

.bss            0x000000002000000c      0x154
                0x000000002000000c                _sbss = .
                0x000000002000000c                __bss_start__ = _sbss
 *(.bss)
 .bss           0x000000002000000c       0x1c c:/st/stm32cubeide_1.7.0/stm32cubeide/plugins/com.st.stm32cube.ide.mcu.externaltools.gnu-tools-for-stm32.9-2020-q2-update.win32_2.0.0.202105311346/tools/bin/../lib/gcc/arm-none-eabi/9.3.1/thumb/v7e-m+fp/hard/crtbegin.o
 *(.bss*)
 .bss.i         0x0000000020000028        0x4 ./Core/Src/main.o
                0x0000000020000028                i
 .bss.truepwm   0x000000002000002c        0x4 ./Core/Src/main.o
                0x000000002000002c                truepwm
 .bss.isListening
                0x0000000020000030        0x1 ./Core/Src/main.o
                0x0000000020000030                isListening
 *fill*         0x0000000020000031        0x3 
 .bss.USART2_ProcessData
                0x0000000020000034        0x4 ./Core/Src/usart.o
 .bss.old_pos   0x0000000020000038        0x2 ./Core/Src/usart.o
                0x0000000020000038                old_pos
 *(COMMON)
 *fill*         0x000000002000003a        0x2 
 COMMON         0x000000002000003c       0x23 ./Core/Src/main.o
                0x000000002000003c                msg
 *fill*         0x000000002000005f        0x1 
 COMMON         0x0000000020000060      0x100 ./Core/Src/usart.o
                0x0000000020000060                bufferUSART2dma
                0x0000000020000160                . = ALIGN (0x4)
                0x0000000020000160                _ebss = .
                0x0000000020000160                __bss_end__ = _ebss

._user_heap_stack
                0x0000000020000160      0x600
                0x0000000020000160                . = ALIGN (0x8)
                [!provide]                        PROVIDE (end = .)
                0x0000000020000160                PROVIDE (_end = .)
                0x0000000020000360                . = (. + _Min_Heap_Size)
 *fill*         0x0000000020000160      0x200 
                0x0000000020000760                . = (. + _Min_Stack_Size)
 *fill*         0x0000000020000360      0x400 
                0x0000000020000760                . = ALIGN (0x8)

/DISCARD/
 libc.a(*)
 libm.a(*)
 libgcc.a(*)

.ARM.attributes
                0x0000000000000000       0x30
 *(.ARM.attributes)
 .ARM.attributes
                0x0000000000000000       0x1e c:/st/stm32cubeide_1.7.0/stm32cubeide/plugins/com.st.stm32cube.ide.mcu.externaltools.gnu-tools-for-stm32.9-2020-q2-update.win32_2.0.0.202105311346/tools/bin/../lib/gcc/arm-none-eabi/9.3.1/thumb/v7e-m+fp/hard/crti.o
 .ARM.attributes
                0x000000000000001e       0x34 c:/st/stm32cubeide_1.7.0/stm32cubeide/plugins/com.st.stm32cube.ide.mcu.externaltools.gnu-tools-for-stm32.9-2020-q2-update.win32_2.0.0.202105311346/tools/bin/../lib/gcc/arm-none-eabi/9.3.1/thumb/v7e-m+fp/hard/crtbegin.o
 .ARM.attributes
                0x0000000000000052       0x34 ./Core/Src/dma.o
 .ARM.attributes
                0x0000000000000086       0x34 ./Core/Src/gpio.o
 .ARM.attributes
                0x00000000000000ba       0x34 ./Core/Src/main.o
 .ARM.attributes
                0x00000000000000ee       0x34 ./Core/Src/stm32f3xx_it.o
 .ARM.attributes
                0x0000000000000122       0x34 ./Core/Src/system_stm32f3xx.o
 .ARM.attributes
                0x0000000000000156       0x34 ./Core/Src/tim.o
 .ARM.attributes
                0x000000000000018a       0x34 ./Core/Src/usart.o
 .ARM.attributes
                0x00000000000001be       0x21 ./Core/Startup/startup_stm32f303k8tx.o
 .ARM.attributes
                0x00000000000001df       0x34 ./Drivers/STM32F3xx_HAL_Driver/Src/stm32f3xx_ll_gpio.o
 .ARM.attributes
                0x0000000000000213       0x34 ./Drivers/STM32F3xx_HAL_Driver/Src/stm32f3xx_ll_rcc.o
 .ARM.attributes
                0x0000000000000247       0x34 ./Drivers/STM32F3xx_HAL_Driver/Src/stm32f3xx_ll_tim.o
 .ARM.attributes
                0x000000000000027b       0x34 ./Drivers/STM32F3xx_HAL_Driver/Src/stm32f3xx_ll_usart.o
 .ARM.attributes
                0x00000000000002af       0x34 ./Drivers/STM32F3xx_HAL_Driver/Src/stm32f3xx_ll_utils.o
 .ARM.attributes
                0x00000000000002e3       0x34 c:/st/stm32cubeide_1.7.0/stm32cubeide/plugins/com.st.stm32cube.ide.mcu.externaltools.gnu-tools-for-stm32.9-2020-q2-update.win32_2.0.0.202105311346/tools/bin/../lib/gcc/arm-none-eabi/9.3.1/../../../../arm-none-eabi/lib/thumb/v7e-m+fp/hard\libc_nano.a(lib_a-init.o)
 .ARM.attributes
                0x0000000000000317       0x34 c:/st/stm32cubeide_1.7.0/stm32cubeide/plugins/com.st.stm32cube.ide.mcu.externaltools.gnu-tools-for-stm32.9-2020-q2-update.win32_2.0.0.202105311346/tools/bin/../lib/gcc/arm-none-eabi/9.3.1/../../../../arm-none-eabi/lib/thumb/v7e-m+fp/hard\libc_nano.a(lib_a-memset.o)
 .ARM.attributes
                0x000000000000034b       0x1c c:/st/stm32cubeide_1.7.0/stm32cubeide/plugins/com.st.stm32cube.ide.mcu.externaltools.gnu-tools-for-stm32.9-2020-q2-update.win32_2.0.0.202105311346/tools/bin/../lib/gcc/arm-none-eabi/9.3.1/../../../../arm-none-eabi/lib/thumb/v7e-m+fp/hard\libc_nano.a(lib_a-strcmp.o)
 .ARM.attributes
                0x0000000000000367       0x34 c:/st/stm32cubeide_1.7.0/stm32cubeide/plugins/com.st.stm32cube.ide.mcu.externaltools.gnu-tools-for-stm32.9-2020-q2-update.win32_2.0.0.202105311346/tools/bin/../lib/gcc/arm-none-eabi/9.3.1/../../../../arm-none-eabi/lib/thumb/v7e-m+fp/hard\libc_nano.a(lib_a-strncmp.o)
 .ARM.attributes
                0x000000000000039b       0x1e c:/st/stm32cubeide_1.7.0/stm32cubeide/plugins/com.st.stm32cube.ide.mcu.externaltools.gnu-tools-for-stm32.9-2020-q2-update.win32_2.0.0.202105311346/tools/bin/../lib/gcc/arm-none-eabi/9.3.1/thumb/v7e-m+fp/hard/crtn.o
OUTPUT(vrs_zad9.elf elf32-littlearm)
LOAD linker stubs
LOAD c:/st/stm32cubeide_1.7.0/stm32cubeide/plugins/com.st.stm32cube.ide.mcu.externaltools.gnu-tools-for-stm32.9-2020-q2-update.win32_2.0.0.202105311346/tools/bin/../lib/gcc/arm-none-eabi/9.3.1/../../../../arm-none-eabi/lib/thumb/v7e-m+fp/hard\libc.a
LOAD c:/st/stm32cubeide_1.7.0/stm32cubeide/plugins/com.st.stm32cube.ide.mcu.externaltools.gnu-tools-for-stm32.9-2020-q2-update.win32_2.0.0.202105311346/tools/bin/../lib/gcc/arm-none-eabi/9.3.1/../../../../arm-none-eabi/lib/thumb/v7e-m+fp/hard\libm.a
LOAD c:/st/stm32cubeide_1.7.0/stm32cubeide/plugins/com.st.stm32cube.ide.mcu.externaltools.gnu-tools-for-stm32.9-2020-q2-update.win32_2.0.0.202105311346/tools/bin/../lib/gcc/arm-none-eabi/9.3.1/thumb/v7e-m+fp/hard\libgcc.a

.debug_info     0x0000000000000000     0x7d39
 .debug_info    0x0000000000000000      0x802 ./Core/Src/dma.o
 .debug_info    0x0000000000000802      0x2cb ./Core/Src/gpio.o
 .debug_info    0x0000000000000acd     0x1685 ./Core/Src/main.o
 .debug_info    0x0000000000002152      0x62c ./Core/Src/stm32f3xx_it.o
 .debug_info    0x000000000000277e      0x439 ./Core/Src/system_stm32f3xx.o
 .debug_info    0x0000000000002bb7      0xd64 ./Core/Src/tim.o
 .debug_info    0x000000000000391b     0x1490 ./Core/Src/usart.o
 .debug_info    0x0000000000004dab       0x22 ./Core/Startup/startup_stm32f303k8tx.o
 .debug_info    0x0000000000004dcd      0x7ce ./Drivers/STM32F3xx_HAL_Driver/Src/stm32f3xx_ll_gpio.o
 .debug_info    0x000000000000559b      0x74c ./Drivers/STM32F3xx_HAL_Driver/Src/stm32f3xx_ll_rcc.o
 .debug_info    0x0000000000005ce7     0x1092 ./Drivers/STM32F3xx_HAL_Driver/Src/stm32f3xx_ll_tim.o
 .debug_info    0x0000000000006d79      0x72b ./Drivers/STM32F3xx_HAL_Driver/Src/stm32f3xx_ll_usart.o
 .debug_info    0x00000000000074a4      0x895 ./Drivers/STM32F3xx_HAL_Driver/Src/stm32f3xx_ll_utils.o

.debug_abbrev   0x0000000000000000     0x19ed
 .debug_abbrev  0x0000000000000000      0x1be ./Core/Src/dma.o
 .debug_abbrev  0x00000000000001be      0x127 ./Core/Src/gpio.o
 .debug_abbrev  0x00000000000002e5      0x39f ./Core/Src/main.o
 .debug_abbrev  0x0000000000000684      0x1dc ./Core/Src/stm32f3xx_it.o
 .debug_abbrev  0x0000000000000860      0x129 ./Core/Src/system_stm32f3xx.o
 .debug_abbrev  0x0000000000000989      0x1fa ./Core/Src/tim.o
 .debug_abbrev  0x0000000000000b83      0x2f8 ./Core/Src/usart.o
 .debug_abbrev  0x0000000000000e7b       0x12 ./Core/Startup/startup_stm32f303k8tx.o
 .debug_abbrev  0x0000000000000e8d      0x23b ./Drivers/STM32F3xx_HAL_Driver/Src/stm32f3xx_ll_gpio.o
 .debug_abbrev  0x00000000000010c8      0x261 ./Drivers/STM32F3xx_HAL_Driver/Src/stm32f3xx_ll_rcc.o
 .debug_abbrev  0x0000000000001329      0x22b ./Drivers/STM32F3xx_HAL_Driver/Src/stm32f3xx_ll_tim.o
 .debug_abbrev  0x0000000000001554      0x1d7 ./Drivers/STM32F3xx_HAL_Driver/Src/stm32f3xx_ll_usart.o
 .debug_abbrev  0x000000000000172b      0x2c2 ./Drivers/STM32F3xx_HAL_Driver/Src/stm32f3xx_ll_utils.o

.debug_aranges  0x0000000000000000      0x860
 .debug_aranges
                0x0000000000000000       0x48 ./Core/Src/dma.o
 .debug_aranges
                0x0000000000000048       0x28 ./Core/Src/gpio.o
 .debug_aranges
                0x0000000000000070       0xf0 ./Core/Src/main.o
 .debug_aranges
                0x0000000000000160       0xc8 ./Core/Src/stm32f3xx_it.o
 .debug_aranges
                0x0000000000000228       0x28 ./Core/Src/system_stm32f3xx.o
 .debug_aranges
                0x0000000000000250       0x80 ./Core/Src/tim.o
 .debug_aranges
                0x00000000000002d0      0x138 ./Core/Src/usart.o
 .debug_aranges
                0x0000000000000408       0x28 ./Core/Startup/startup_stm32f303k8tx.o
 .debug_aranges
                0x0000000000000430       0x70 ./Drivers/STM32F3xx_HAL_Driver/Src/stm32f3xx_ll_gpio.o
 .debug_aranges
                0x00000000000004a0      0x100 ./Drivers/STM32F3xx_HAL_Driver/Src/stm32f3xx_ll_rcc.o
 .debug_aranges
                0x00000000000005a0      0x148 ./Drivers/STM32F3xx_HAL_Driver/Src/stm32f3xx_ll_tim.o
 .debug_aranges
                0x00000000000006e8       0x88 ./Drivers/STM32F3xx_HAL_Driver/Src/stm32f3xx_ll_usart.o
 .debug_aranges
                0x0000000000000770       0xf0 ./Drivers/STM32F3xx_HAL_Driver/Src/stm32f3xx_ll_utils.o

.debug_ranges   0x0000000000000000      0x798
 .debug_ranges  0x0000000000000000       0x38 ./Core/Src/dma.o
 .debug_ranges  0x0000000000000038       0x18 ./Core/Src/gpio.o
 .debug_ranges  0x0000000000000050       0xe0 ./Core/Src/main.o
 .debug_ranges  0x0000000000000130       0xb8 ./Core/Src/stm32f3xx_it.o
 .debug_ranges  0x00000000000001e8       0x18 ./Core/Src/system_stm32f3xx.o
 .debug_ranges  0x0000000000000200       0x70 ./Core/Src/tim.o
 .debug_ranges  0x0000000000000270      0x128 ./Core/Src/usart.o
 .debug_ranges  0x0000000000000398       0x20 ./Core/Startup/startup_stm32f303k8tx.o
 .debug_ranges  0x00000000000003b8       0x60 ./Drivers/STM32F3xx_HAL_Driver/Src/stm32f3xx_ll_gpio.o
 .debug_ranges  0x0000000000000418       0xf0 ./Drivers/STM32F3xx_HAL_Driver/Src/stm32f3xx_ll_rcc.o
 .debug_ranges  0x0000000000000508      0x138 ./Drivers/STM32F3xx_HAL_Driver/Src/stm32f3xx_ll_tim.o
 .debug_ranges  0x0000000000000640       0x78 ./Drivers/STM32F3xx_HAL_Driver/Src/stm32f3xx_ll_usart.o
 .debug_ranges  0x00000000000006b8       0xe0 ./Drivers/STM32F3xx_HAL_Driver/Src/stm32f3xx_ll_utils.o

.debug_macro    0x0000000000000000    0x1721b
 .debug_macro   0x0000000000000000      0x13f ./Core/Src/dma.o
 .debug_macro   0x000000000000013f      0xade ./Core/Src/dma.o
 .debug_macro   0x0000000000000c1d       0x2e ./Core/Src/dma.o
 .debug_macro   0x0000000000000c4b       0x28 ./Core/Src/dma.o
 .debug_macro   0x0000000000000c73       0x22 ./Core/Src/dma.o
 .debug_macro   0x0000000000000c95       0x8e ./Core/Src/dma.o
 .debug_macro   0x0000000000000d23       0x51 ./Core/Src/dma.o
 .debug_macro   0x0000000000000d74      0x103 ./Core/Src/dma.o
 .debug_macro   0x0000000000000e77       0x6a ./Core/Src/dma.o
 .debug_macro   0x0000000000000ee1      0x1df ./Core/Src/dma.o
 .debug_macro   0x00000000000010c0       0x1c ./Core/Src/dma.o
 .debug_macro   0x00000000000010dc       0x22 ./Core/Src/dma.o
 .debug_macro   0x00000000000010fe       0xdf ./Core/Src/dma.o
 .debug_macro   0x00000000000011dd      0xf07 ./Core/Src/dma.o
 .debug_macro   0x00000000000020e4    0x10be0 ./Core/Src/dma.o
 .debug_macro   0x0000000000012cc4       0x6d ./Core/Src/dma.o
 .debug_macro   0x0000000000012d31      0x281 ./Core/Src/dma.o
 .debug_macro   0x0000000000012fb2      0x4c2 ./Core/Src/dma.o
 .debug_macro   0x0000000000013474       0xe1 ./Core/Src/dma.o
 .debug_macro   0x0000000000013555      0x29f ./Core/Src/dma.o
 .debug_macro   0x00000000000137f4       0xfe ./Core/Src/dma.o
 .debug_macro   0x00000000000138f2       0x28 ./Core/Src/dma.o
 .debug_macro   0x000000000001391a       0x30 ./Core/Src/dma.o
 .debug_macro   0x000000000001394a       0xa8 ./Core/Src/dma.o
 .debug_macro   0x00000000000139f2      0x803 ./Core/Src/dma.o
 .debug_macro   0x00000000000141f5      0x2f7 ./Core/Src/dma.o
 .debug_macro   0x00000000000144ec      0x142 ./Core/Src/dma.o
 .debug_macro   0x000000000001462e       0x22 ./Core/Src/dma.o
 .debug_macro   0x0000000000014650      0x13f ./Core/Src/gpio.o
 .debug_macro   0x000000000001478f      0x2fd ./Core/Src/main.o
 .debug_macro   0x0000000000014a8c       0x10 ./Core/Src/main.o
 .debug_macro   0x0000000000014a9c       0x22 ./Core/Src/main.o
 .debug_macro   0x0000000000014abe       0x52 ./Core/Src/main.o
 .debug_macro   0x0000000000014b10       0x18 ./Core/Src/main.o
 .debug_macro   0x0000000000014b28       0x3c ./Core/Src/main.o
 .debug_macro   0x0000000000014b64       0x34 ./Core/Src/main.o
 .debug_macro   0x0000000000014b98      0x174 ./Core/Src/main.o
 .debug_macro   0x0000000000014d0c       0x16 ./Core/Src/main.o
 .debug_macro   0x0000000000014d22       0x43 ./Core/Src/main.o
 .debug_macro   0x0000000000014d65       0x34 ./Core/Src/main.o
 .debug_macro   0x0000000000014d99       0x10 ./Core/Src/main.o
 .debug_macro   0x0000000000014da9       0x58 ./Core/Src/main.o
 .debug_macro   0x0000000000014e01       0x71 ./Core/Src/main.o
 .debug_macro   0x0000000000014e72       0x1c ./Core/Src/main.o
 .debug_macro   0x0000000000014e8e      0x12a ./Core/Src/main.o
 .debug_macro   0x0000000000014fb8      0x333 ./Core/Src/main.o
 .debug_macro   0x00000000000152eb       0x10 ./Core/Src/main.o
 .debug_macro   0x00000000000152fb       0x35 ./Core/Src/main.o
 .debug_macro   0x0000000000015330       0x20 ./Core/Src/main.o
 .debug_macro   0x0000000000015350       0x1c ./Core/Src/main.o
 .debug_macro   0x000000000001536c       0x10 ./Core/Src/main.o
 .debug_macro   0x000000000001537c       0x10 ./Core/Src/main.o
 .debug_macro   0x000000000001538c       0x1c ./Core/Src/main.o
 .debug_macro   0x00000000000153a8       0x52 ./Core/Src/main.o
 .debug_macro   0x00000000000153fa       0x22 ./Core/Src/main.o
 .debug_macro   0x000000000001541c       0x10 ./Core/Src/main.o
 .debug_macro   0x000000000001542c       0x40 ./Core/Src/main.o
 .debug_macro   0x000000000001546c       0xd5 ./Core/Src/main.o
 .debug_macro   0x0000000000015541       0x1c ./Core/Src/main.o
 .debug_macro   0x000000000001555d       0x3d ./Core/Src/main.o
 .debug_macro   0x000000000001559a       0x16 ./Core/Src/main.o
 .debug_macro   0x00000000000155b0      0x145 ./Core/Src/main.o
 .debug_macro   0x00000000000156f5      0x13f ./Core/Src/stm32f3xx_it.o
 .debug_macro   0x0000000000015834       0xbd ./Core/Src/system_stm32f3xx.o
 .debug_macro   0x00000000000158f1      0x13f ./Core/Src/tim.o
 .debug_macro   0x0000000000015a30      0x145 ./Core/Src/usart.o
 .debug_macro   0x0000000000015b75       0xff ./Drivers/STM32F3xx_HAL_Driver/Src/stm32f3xx_ll_gpio.o
 .debug_macro   0x0000000000015c74      0x13c ./Drivers/STM32F3xx_HAL_Driver/Src/stm32f3xx_ll_gpio.o
 .debug_macro   0x0000000000015db0       0xf1 ./Drivers/STM32F3xx_HAL_Driver/Src/stm32f3xx_ll_rcc.o
 .debug_macro   0x0000000000015ea1      0x4bc ./Drivers/STM32F3xx_HAL_Driver/Src/stm32f3xx_ll_rcc.o
 .debug_macro   0x000000000001635d      0x169 ./Drivers/STM32F3xx_HAL_Driver/Src/stm32f3xx_ll_tim.o
 .debug_macro   0x00000000000164c6      0x7fd ./Drivers/STM32F3xx_HAL_Driver/Src/stm32f3xx_ll_tim.o
 .debug_macro   0x0000000000016cc3      0x12c ./Drivers/STM32F3xx_HAL_Driver/Src/stm32f3xx_ll_usart.o
 .debug_macro   0x0000000000016def      0x2f1 ./Drivers/STM32F3xx_HAL_Driver/Src/stm32f3xx_ll_usart.o
 .debug_macro   0x00000000000170e0      0x13b ./Drivers/STM32F3xx_HAL_Driver/Src/stm32f3xx_ll_utils.o

.debug_line     0x0000000000000000     0x662f
 .debug_line    0x0000000000000000      0x68a ./Core/Src/dma.o
 .debug_line    0x000000000000068a      0x5ae ./Core/Src/gpio.o
 .debug_line    0x0000000000000c38      0xca7 ./Core/Src/main.o
 .debug_line    0x00000000000018df      0x80c ./Core/Src/stm32f3xx_it.o
 .debug_line    0x00000000000020eb      0x4d8 ./Core/Src/system_stm32f3xx.o
 .debug_line    0x00000000000025c3      0x89e ./Core/Src/tim.o
 .debug_line    0x0000000000002e61      0xb81 ./Core/Src/usart.o
 .debug_line    0x00000000000039e2       0x88 ./Core/Startup/startup_stm32f303k8tx.o
 .debug_line    0x0000000000003a6a      0x73a ./Drivers/STM32F3xx_HAL_Driver/Src/stm32f3xx_ll_gpio.o
 .debug_line    0x00000000000041a4      0x8fa ./Drivers/STM32F3xx_HAL_Driver/Src/stm32f3xx_ll_rcc.o
 .debug_line    0x0000000000004a9e      0xba1 ./Drivers/STM32F3xx_HAL_Driver/Src/stm32f3xx_ll_tim.o
 .debug_line    0x000000000000563f      0x6dd ./Drivers/STM32F3xx_HAL_Driver/Src/stm32f3xx_ll_usart.o
 .debug_line    0x0000000000005d1c      0x913 ./Drivers/STM32F3xx_HAL_Driver/Src/stm32f3xx_ll_utils.o

.debug_str      0x0000000000000000    0x79d90
 .debug_str     0x0000000000000000    0x711ee ./Core/Src/dma.o
                                      0x71462 (size before relaxing)
 .debug_str     0x00000000000711ee       0x2c ./Core/Src/gpio.o
                                      0x71000 (size before relaxing)
 .debug_str     0x000000000007121a     0x46bc ./Core/Src/main.o
                                      0x75c1d (size before relaxing)
 .debug_str     0x00000000000758d6      0x277 ./Core/Src/stm32f3xx_it.o
                                      0x711eb (size before relaxing)
 .debug_str     0x0000000000075b4d       0x5f ./Core/Src/system_stm32f3xx.o
                                      0x65700 (size before relaxing)
 .debug_str     0x0000000000075bac      0x1f9 ./Core/Src/tim.o
                                      0x7170f (size before relaxing)
 .debug_str     0x0000000000075da5      0x3b3 ./Core/Src/usart.o
                                      0x719ca (size before relaxing)
 .debug_str     0x0000000000076158       0x36 ./Core/Startup/startup_stm32f303k8tx.o
                                         0x61 (size before relaxing)
 .debug_str     0x000000000007618e      0x67a ./Drivers/STM32F3xx_HAL_Driver/Src/stm32f3xx_ll_gpio.o
                                      0x66a63 (size before relaxing)
 .debug_str     0x0000000000076808      0x4fd ./Drivers/STM32F3xx_HAL_Driver/Src/stm32f3xx_ll_rcc.o
                                      0x67eb5 (size before relaxing)
 .debug_str     0x0000000000076d05     0x1bb9 ./Drivers/STM32F3xx_HAL_Driver/Src/stm32f3xx_ll_tim.o
                                      0x6b9b3 (size before relaxing)
 .debug_str     0x00000000000788be      0x80d ./Drivers/STM32F3xx_HAL_Driver/Src/stm32f3xx_ll_usart.o
                                      0x6998e (size before relaxing)
 .debug_str     0x00000000000790cb      0xcc5 ./Drivers/STM32F3xx_HAL_Driver/Src/stm32f3xx_ll_utils.o
                                      0x6a735 (size before relaxing)

.comment        0x0000000000000000       0x53
 .comment       0x0000000000000000       0x53 ./Core/Src/dma.o
                                         0x54 (size before relaxing)
 .comment       0x0000000000000053       0x54 ./Core/Src/gpio.o
 .comment       0x0000000000000053       0x54 ./Core/Src/main.o
 .comment       0x0000000000000053       0x54 ./Core/Src/stm32f3xx_it.o
 .comment       0x0000000000000053       0x54 ./Core/Src/system_stm32f3xx.o
 .comment       0x0000000000000053       0x54 ./Core/Src/tim.o
 .comment       0x0000000000000053       0x54 ./Core/Src/usart.o
 .comment       0x0000000000000053       0x54 ./Drivers/STM32F3xx_HAL_Driver/Src/stm32f3xx_ll_gpio.o
 .comment       0x0000000000000053       0x54 ./Drivers/STM32F3xx_HAL_Driver/Src/stm32f3xx_ll_rcc.o
 .comment       0x0000000000000053       0x54 ./Drivers/STM32F3xx_HAL_Driver/Src/stm32f3xx_ll_tim.o
 .comment       0x0000000000000053       0x54 ./Drivers/STM32F3xx_HAL_Driver/Src/stm32f3xx_ll_usart.o
 .comment       0x0000000000000053       0x54 ./Drivers/STM32F3xx_HAL_Driver/Src/stm32f3xx_ll_utils.o

.debug_frame    0x0000000000000000     0x2260
 .debug_frame   0x0000000000000000       0xec ./Core/Src/dma.o
 .debug_frame   0x00000000000000ec       0x54 ./Core/Src/gpio.o
 .debug_frame   0x0000000000000140      0x3e8 ./Core/Src/main.o
 .debug_frame   0x0000000000000528      0x2ec ./Core/Src/stm32f3xx_it.o
 .debug_frame   0x0000000000000814       0x58 ./Core/Src/system_stm32f3xx.o
 .debug_frame   0x000000000000086c      0x20c ./Core/Src/tim.o
 .debug_frame   0x0000000000000a78      0x5ac ./Core/Src/usart.o
 .debug_frame   0x0000000000001024      0x1c0 ./Drivers/STM32F3xx_HAL_Driver/Src/stm32f3xx_ll_gpio.o
 .debug_frame   0x00000000000011e4      0x408 ./Drivers/STM32F3xx_HAL_Driver/Src/stm32f3xx_ll_rcc.o
 .debug_frame   0x00000000000015ec      0x5d0 ./Drivers/STM32F3xx_HAL_Driver/Src/stm32f3xx_ll_tim.o
 .debug_frame   0x0000000000001bbc      0x234 ./Drivers/STM32F3xx_HAL_Driver/Src/stm32f3xx_ll_usart.o
 .debug_frame   0x0000000000001df0      0x3dc ./Drivers/STM32F3xx_HAL_Driver/Src/stm32f3xx_ll_utils.o
 .debug_frame   0x00000000000021cc       0x2c c:/st/stm32cubeide_1.7.0/stm32cubeide/plugins/com.st.stm32cube.ide.mcu.externaltools.gnu-tools-for-stm32.9-2020-q2-update.win32_2.0.0.202105311346/tools/bin/../lib/gcc/arm-none-eabi/9.3.1/../../../../arm-none-eabi/lib/thumb/v7e-m+fp/hard\libc_nano.a(lib_a-init.o)
 .debug_frame   0x00000000000021f8       0x20 c:/st/stm32cubeide_1.7.0/stm32cubeide/plugins/com.st.stm32cube.ide.mcu.externaltools.gnu-tools-for-stm32.9-2020-q2-update.win32_2.0.0.202105311346/tools/bin/../lib/gcc/arm-none-eabi/9.3.1/../../../../arm-none-eabi/lib/thumb/v7e-m+fp/hard\libc_nano.a(lib_a-memset.o)
 .debug_frame   0x0000000000002218       0x20 c:/st/stm32cubeide_1.7.0/stm32cubeide/plugins/com.st.stm32cube.ide.mcu.externaltools.gnu-tools-for-stm32.9-2020-q2-update.win32_2.0.0.202105311346/tools/bin/../lib/gcc/arm-none-eabi/9.3.1/../../../../arm-none-eabi/lib/thumb/v7e-m+fp/hard\libc_nano.a(lib_a-strcmp.o)
 .debug_frame   0x0000000000002238       0x28 c:/st/stm32cubeide_1.7.0/stm32cubeide/plugins/com.st.stm32cube.ide.mcu.externaltools.gnu-tools-for-stm32.9-2020-q2-update.win32_2.0.0.202105311346/tools/bin/../lib/gcc/arm-none-eabi/9.3.1/../../../../arm-none-eabi/lib/thumb/v7e-m+fp/hard\libc_nano.a(lib_a-strncmp.o)
